Component: ARM Compiler 5.05 update 1 (build 106) Tool: armlink [4d0efa]

==============================================================================

Section Cross References

    stm32f0xx_adc.o(.text) refers to stm32f0xx_rcc.o(.text) for RCC_APB2PeriphResetCmd
    stm32f0xx_gpio.o(.text) refers to stm32f0xx_rcc.o(.text) for RCC_AHBPeriphResetCmd
    stm32f0xx_rcc.o(.text) refers to aeabi_sdiv.o(.text) for __aeabi_uidivmod
    stm32f0xx_rcc.o(.text) refers to stm32f0xx_rcc.o(.data) for APBAHBPrescTable
    stm32f0xx_spi.o(.text) refers to stm32f0xx_rcc.o(.text) for RCC_APB2PeriphResetCmd
    stm32f0xx_spi.o(.text) refers to aeabi_sdiv.o(.text) for __aeabi_uidivmod
    stm32f0xx_i2c.o(.text) refers to stm32f0xx_rcc.o(.text) for RCC_APB1PeriphResetCmd
    stm32f0xx_usart.o(.text) refers to stm32f0xx_rcc.o(.text) for RCC_APB2PeriphResetCmd
    stm32f0xx_usart.o(.text) refers to aeabi_sdiv.o(.text) for __aeabi_uidivmod
    stm32f0xx_tim.o(.text) refers to stm32f0xx_rcc.o(.text) for RCC_APB2PeriphResetCmd
    stm32f0xx_pwr.o(.text) refers to stm32f0xx_rcc.o(.text) for RCC_APB1PeriphResetCmd
    main.o(.text) refers to system_stm32f0xx.o(.text) for SystemInit
    main.o(.text) refers to led.o(.text) for LED_Init
    main.o(.text) refers to key.o(.text) for KEY_Init
    main.o(.text) refers to time.o(.text) for TIM_INT_Config
    main.o(.text) refers to uart.o(.text) for USART_Configuration
    main.o(.text) refers to delay.o(.text) for delay_init
    main.o(.text) refers to 24cxx.o(.text) for AT24CXX_Init
    main.o(.text) refers to noretval__2sprintf.o(.text) for __2sprintf
    main.o(.text) refers to strlen.o(.text) for strlen
    main.o(.text) refers to main.o(.bss) for Tx_Buffer
    adc.o(.text) refers to _printf_percent.o(.ARM.Collect$$_printf_percent$$00000000) for _printf_percent
    adc.o(.text) refers to _printf_d.o(.ARM.Collect$$_printf_percent$$00000009) for _printf_d
    adc.o(.text) refers to _printf_dec.o(.text) for _printf_int_dec
    adc.o(.text) refers to aeabi_sdiv.o(.text) for __aeabi_idivmod
    adc.o(.text) refers to stm32f0xx_adc.o(.text) for ADC_DeInit
    adc.o(.text) refers to stm32f0xx_rcc.o(.text) for RCC_AHBPeriphClockCmd
    adc.o(.text) refers to stm32f0xx_gpio.o(.text) for GPIO_Init
    adc.o(.text) refers to stm32f0xx_dma.o(.text) for DMA_DeInit
    adc.o(.text) refers to stm32f0xx_misc.o(.text) for NVIC_Init
    adc.o(.text) refers to dflti.o(.text) for __aeabi_ui2d
    adc.o(.text) refers to dmul.o(.text) for __aeabi_dmul
    adc.o(.text) refers to ddiv.o(.text) for __aeabi_ddiv
    adc.o(.text) refers to dfixui.o(.text) for __aeabi_d2uiz
    adc.o(.text) refers to drlef.o(x$fpl$drleqf) for __aeabi_cdrcmple
    adc.o(.text) refers to dlef.o(x$fpl$dleqf) for __aeabi_cdcmple
    adc.o(.text) refers to noretval__2sprintf.o(.text) for __2sprintf
    adc.o(.text) refers to strlen.o(.text) for strlen
    adc.o(.text) refers to uart.o(.text) for UART_Send
    adc.o(.text) refers to adc.o(.bss) for ADC_ConvertedValue
    adc.o(.text) refers to adc.o(.data) for ADC_ON_OFF
    adc.o(.text) refers to time.o(.data) for TimerCounter
    adc.o(.text) refers to adc.o(.conststring) for .conststring
    adc.o(.text) refers to led.o(.text) for Temp_One_LED_Open
    adc.o(.text) refers to f2d.o(.text) for __aeabi_f2d
    adc.o(.text) refers to flef.o(x$fpl$fleqf) for __aeabi_cfcmple
    adc.o(.text) refers to fflti.o(.text) for __aeabi_ui2f
    adc.o(.text) refers to fmul.o(x$fpl$fmul) for __aeabi_fmul
    adc.o(.text) refers to sqrt.o(i.sqrt) for sqrt
    adc.o(.text) refers to time.o(.text) for PWM_ADJUST
    adc.o(.text) refers to key.o(.data) for Power_rank_flag
    systick.o(.text) refers to aeabi_sdiv.o(.text) for __aeabi_uidivmod
    systick.o(.text) refers to systick.o(.data) for TimingDelay
    systick.o(.text) refers to system_stm32f0xx.o(.data) for SystemCoreClock
    stm32f0xx_it.o(.text) refers to systick.o(.text) for TimingDelay_Decrement
    uart.o(.text) refers to stm32f0xx_rcc.o(.text) for RCC_AHBPeriphClockCmd
    uart.o(.text) refers to stm32f0xx_gpio.o(.text) for GPIO_PinAFConfig
    uart.o(.text) refers to stm32f0xx_usart.o(.text) for USART_Init
    24cxx.o(.text) refers to _printf_percent.o(.ARM.Collect$$_printf_percent$$00000000) for _printf_percent
    24cxx.o(.text) refers to _printf_d.o(.ARM.Collect$$_printf_percent$$00000009) for _printf_d
    24cxx.o(.text) refers to _printf_x.o(.ARM.Collect$$_printf_percent$$0000000C) for _printf_x
    24cxx.o(.text) refers to _printf_dec.o(.text) for _printf_int_dec
    24cxx.o(.text) refers to _printf_hex_int.o(.text) for _printf_longlong_hex
    24cxx.o(.text) refers to myiic.o(.text) for IIC_Init
    24cxx.o(.text) refers to delay.o(.text) for delay_ms
    24cxx.o(.text) refers to noretval__2sprintf.o(.text) for __2sprintf
    24cxx.o(.text) refers to strlen.o(.text) for strlen
    24cxx.o(.text) refers to uart.o(.text) for UART_Send
    24cxx.o(.text) refers to 24cxx.o(.conststring) for .conststring
[...]
    .ARM.Collect$$libinit$$0000000E          0x0800014c   Section        0  libinit2.o(.ARM.Collect$$libinit$$0000000E)
    .ARM.Collect$$libinit$$00000011          0x0800014c   Section        0  libinit2.o(.ARM.Collect$$libinit$$00000011)
    .ARM.Collect$$libinit$$00000013          0x0800014c   Section        0  libinit2.o(.ARM.Collect$$libinit$$00000013)
    .ARM.Collect$$libinit$$00000015          0x0800014c   Section        0  libinit2.o(.ARM.Collect$$libinit$$00000015)
    .ARM.Collect$$libinit$$00000017          0x0800014c   Section        0  libinit2.o(.ARM.Collect$$libinit$$00000017)
    .ARM.Collect$$libinit$$00000019          0x0800014c   Section        0  libinit2.o(.ARM.Collect$$libinit$$00000019)
    .ARM.Collect$$libinit$$0000001B          0x0800014c   Section        0  libinit2.o(.ARM.Collect$$libinit$$0000001B)
    .ARM.Collect$$libinit$$0000001D          0x0800014c   Section        0  libinit2.o(.ARM.Collect$$libinit$$0000001D)
    .ARM.Collect$$libinit$$0000001F          0x0800014c   Section        0  libinit2.o(.ARM.Collect$$libinit$$0000001F)
    .ARM.Collect$$libinit$$00000021          0x0800014c   Section        0  libinit2.o(.ARM.Collect$$libinit$$00000021)
    .ARM.Collect$$libinit$$00000023          0x0800014c   Section        0  libinit2.o(.ARM.Collect$$libinit$$00000023)
    .ARM.Collect$$libinit$$00000025          0x0800014c   Section        0  libinit2.o(.ARM.Collect$$libinit$$00000025)
    .ARM.Collect$$libinit$$0000002C          0x0800014c   Section        0  libinit2.o(.ARM.Collect$$libinit$$0000002C)
    .ARM.Collect$$libinit$$0000002E          0x0800014c   Section        0  libinit2.o(.ARM.Collect$$libinit$$0000002E)
    .ARM.Collect$$libinit$$00000030          0x0800014c   Section        0  libinit2.o(.ARM.Collect$$libinit$$00000030)
    .ARM.Collect$$libinit$$00000032          0x0800014c   Section        0  libinit2.o(.ARM.Collect$$libinit$$00000032)
    .ARM.Collect$$libinit$$00000033          0x0800014c   Section        2  libinit2.o(.ARM.Collect$$libinit$$00000033)
    .ARM.Collect$$libshutdown$$00000000      0x0800014e   Section        2  libshutdown.o(.ARM.Collect$$libshutdown$$00000000)
    .ARM.Collect$$libshutdown$$00000003      0x08000150   Section        0  libshutdown2.o(.ARM.Collect$$libshutdown$$00000003)
    .ARM.Collect$$libshutdown$$00000006      0x08000150   Section        0  libshutdown2.o(.ARM.Collect$$libshutdown$$00000006)
    .ARM.Collect$$libshutdown$$00000009      0x08000150   Section        0  libshutdown2.o(.ARM.Collect$$libshutdown$$00000009)
    .ARM.Collect$$libshutdown$$0000000B      0x08000150   Section        0  libshutdown2.o(.ARM.Collect$$libshutdown$$0000000B)
    .ARM.Collect$$libshutdown$$0000000E      0x08000150   Section        0  libshutdown2.o(.ARM.Collect$$libshutdown$$0000000E)
    .ARM.Collect$$libshutdown$$0000000F      0x08000150   Section        2  libshutdown2.o(.ARM.Collect$$libshutdown$$0000000F)
    .ARM.Collect$$rtentry$$00000000          0x08000152   Section        0  __rtentry.o(.ARM.Collect$$rtentry$$00000000)
    .ARM.Collect$$rtentry$$00000002          0x08000152   Section        0  __rtentry2.o(.ARM.Collect$$rtentry$$00000002)
    .ARM.Collect$$rtentry$$00000004          0x08000152   Section        6  __rtentry4.o(.ARM.Collect$$rtentry$$00000004)
    .ARM.Collect$$rtentry$$00000009          0x08000158   Section        0  __rtentry2.o(.ARM.Collect$$rtentry$$00000009)
    .ARM.Collect$$rtentry$$0000000A          0x08000158   Section        4  __rtentry2.o(.ARM.Collect$$rtentry$$0000000A)
    .ARM.Collect$$rtentry$$0000000C          0x0800015c   Section        0  __rtentry2.o(.ARM.Collect$$rtentry$$0000000C)
    .ARM.Collect$$rtentry$$0000000D          0x0800015c   Section        8  __rtentry2.o(.ARM.Collect$$rtentry$$0000000D)
    .ARM.Collect$$rtexit$$00000000           0x08000164   Section        2  rtexit.o(.ARM.Collect$$rtexit$$00000000)
    .ARM.Collect$$rtexit$$00000002           0x08000166   Section        0  rtexit2.o(.ARM.Collect$$rtexit$$00000002)
    .ARM.Collect$$rtexit$$00000003           0x08000166   Section        4  rtexit2.o(.ARM.Collect$$rtexit$$00000003)
    .ARM.Collect$$rtexit$$00000004           0x0800016a   Section        6  rtexit2.o(.ARM.Collect$$rtexit$$00000004)
    .text                                    0x08000170   Section        0  stm32f0xx_adc.o(.text)
    .text                                    0x08000458   Section        0  stm32f0xx_dma.o(.text)
    .text                                    0x080005c8   Section        0  stm32f0xx_exti.o(.text)
    .text                                    0x080006d0   Section        0  stm32f0xx_gpio.o(.text)
    .text                                    0x080008c0   Section        0  stm32f0xx_misc.o(.text)
    .text                                    0x08000974   Section        0  stm32f0xx_rcc.o(.text)
    .text                                    0x08000f70   Section        0  stm32f0xx_syscfg.o(.text)
    .text                                    0x08001060   Section        0  stm32f0xx_usart.o(.text)
    .text                                    0x080015d4   Section        0  stm32f0xx_tim.o(.text)
    TI4_Config                               0x08001d15   Thumb Code    66  stm32f0xx_tim.o(.text)
    TI3_Config                               0x08001d69   Thumb Code    66  stm32f0xx_tim.o(.text)
    TI2_Config                               0x08001dbf   Thumb Code   118  stm32f0xx_tim.o(.text)
    TI1_Config                               0x08001e45   Thumb Code    54  stm32f0xx_tim.o(.text)
    .text                                    0x080021a0   Section        0  stm32f0xx_pwr.o(.text)
    .text                                    0x080022dc   Section        0  main.o(.text)
    .text                                    0x08002380   Section        0  adc.o(.text)
    .text                                    0x08002bf0   Section        0  systick.o(.text)
    NVIC_SetPriority                         0x08002c59   Thumb Code   110  systick.o(.text)
    .text                                    0x08002ce0   Section        0  stm32f0xx_it.o(.text)
    .text                                    0x08002cf4   Section        0  uart.o(.text)
    .text                                    0x08002ddc   Section        0  24cxx.o(.text)
    .text                                    0x0800306c   Section        0  delay.o(.text)
    .text                                    0x08003144   Section        0  myiic.o(.text)
    .text                                    0x080033c8   Section        0  key.o(.text)
    .text                                    0x08003bdc   Section        0  led.o(.text)
    .text                                    0x08003de8   Section        0  time.o(.text)
    .text                                    0x08004424   Section      116  startup_stm32f030.o(.text)
    .text                                    0x08004498   Section        0  system_stm32f0xx.o(.text)
    SetSysClock                              0x08004499   Thumb Code   206  system_stm32f0xx.o(.text)
    .text                                    0x08004694   Section        0  noretval__2sprintf.o(.text)
    .text                                    0x080046bc   Section        0  __printf.o(.text)
    .text                                    0x08004728   Section        0  _printf_dec.o(.text)
    .text                                    0x08004794   Section        0  _printf_hex_int.o(.text)
    .text                                    0x080047ec   Section        0  strlen.o(.text)
    .text                                    0x08004830   Section      346  aeabi_sdiv.o(.text)
    .text                                    0x0800498a   Section        0  heapauxi.o(.text)
    .text                                    0x08004990   Section        0  daddsub.o(.text)
    _dadd1                                   0x08004991   Thumb Code   290  daddsub.o(.text)
    _dsub1                                   0x08004ab3   Thumb Code   470  daddsub.o(.text)
    .text                                    0x08004ce8   Section        0  ddiv.o(.text)
    .text                                    0x08005130   Section        0  dfixui.o(.text)
    .text                                    0x08005178   Section        0  dflti.o(.text)
    .text                                    0x080051d0   Section        0  dmul.o(.text)
    .text                                    0x08005418   Section        0  f2d.o(.text)
    .text                                    0x0800546c   Section        0  fflti.o(.text)
    .text                                    0x080054ca   Section        0  _rserrno.o(.text)
    .text                                    0x080054e0   Section        0  _printf_intcommon.o(.text)
    .text                                    0x08005590   Section        0  _printf_char_common.o(.text)
    _printf_input_char                       0x08005591   Thumb Code    10  _printf_char_common.o(.text)
    .text                                    0x080055c0   Section        0  _sputc.o(.text)
    .text                                    0x080055ca   Section        0  rtudiv10.o(.text)
    .text                                    0x080055f4   Section        0  dcmpin.o(.text)
    .text                                    0x08005684   Section        0  dsqrt.o(.text)
    .text                                    0x08005784   Section        0  fcmpin.o(.text)
    .text                                    0x080057e8   Section        8  rt_errno_addr_intlibspace.o(.text)
    .text                                    0x080057f0   Section        0  cmpret.o(.text)
    .text                                    0x08005820   Section        0  dnan2.o(.text)
    .text                                    0x08005834   Section        0  fnan2.o(.text)
    .text                                    0x08005844   Section        8  libspace.o(.text)
    .text                                    0x0800584c   Section       62  sys_stackheap_outer.o(.text)
    .text                                    0x0800588a   Section        0  exit.o(.text)
    .text                                    0x08005896   Section        0  retnan.o(.text)
    .text                                    0x080058f4   Section        0  sys_exit.o(.text)
    .text                                    0x08005900   Section        2  use_no_semi.o(.text)
    .text                                    0x08005902   Section        0  indicate_semi.o(.text)
    i.sqrt                                   0x08005904   Section        0  sqrt.o(i.sqrt)
    x$fpl$dleqf                              0x0800594c   Section      100  dlef.o(x$fpl$dleqf)
    x$fpl$drleqf                             0x080059b0   Section      104  drlef.o(x$fpl$drleqf)
    x$fpl$fleqf                              0x08005a18   Section       84  flef.o(x$fpl$fleqf)
    x$fpl$fmul                               0x08005a6c   Section      176  fmul.o(x$fpl$fmul)
    .constdata                               0x08005b1c   Section       40  _printf_hex_int.o(.constdata)
    x$fpl$usenofp                            0x08005b1c   Section        0  usenofp.o(x$fpl$usenofp)
    uc_hextab                                0x08005b1c   Data          20  _printf_hex_int.o(.constdata)
    lc_hextab                                0x08005b30   Data          20  _printf_hex_int.o(.constdata)
    .constdata                               0x08005b44   Section      128  ddiv.o(.constdata)
    ddiv_reciptbl                            0x08005b44   Data         128  ddiv.o(.constdata)
    .conststring                             0x08005bc4   Section      325  adc.o(.conststring)
    .conststring                             0x08005d0c   Section      270  24cxx.o(.conststring)
    .conststring                             0x08005e1c   Section       67  key.o(.conststring)
    .conststring                             0x08005e60   Section      243  time.o(.conststring)
    .data                                    0x20000000   Section       16  stm32f0xx_rcc.o(.data)
    APBAHBPrescTable                         0x20000000   Data          16  stm32f0xx_rcc.o(.data)
    .data                                    0x20000010   Section       41  adc.o(.data)
    .data                                    0x2000003c   Section        4  systick.o(.data)
    TimingDelay                              0x2000003c   Data           4  systick.o(.data)
    .data                                    0x20000040   Section        4  24cxx.o(.data)
    .data                                    0x20000044   Section        4  delay.o(.data)
    fac_us                                   0x20000044   Data           1  delay.o(.data)
    fac_ms                                   0x20000046   Data           2  delay.o(.data)
    .data                                    0x20000048   Section        8  myiic.o(.data)
    .data                                    0x20000050   Section        4  key.o(.data)
    .data                                    0x20000054   Section        1  led.o(.data)
    .data                                    0x20000058   Section       15  time.o(.data)
    .data                                    0x20000068   Section       20  system_stm32f0xx.o(.data)
    .bss                                     0x2000007c   Section      100  main.o(.bss)
    Tx_Buffer                                0x2000007c   Data         100  main.o(.bss)
    .bss                                     0x200000e0   Section      392  adc.o(.bss)
    Tx_Buffer                                0x200000e0   Data         100  adc.o(.bss)
    .bss                                     0x20000268   Section      100  24cxx.o(.bss)
    Tx_Buffer                                0x20000268   Data         100  24cxx.o(.bss)
    .bss                                     0x200002cc   Section      100  key.o(.bss)
    Tx_Buffer                                0x200002cc   Data         100  key.o(.bss)
    .bss                                     0x20000330   Section      132  time.o(.bss)
    Tx_Buffer                                0x20000330   Data         100  time.o(.bss)
    .bss                                     0x200003b4   Section       96  libspace.o(.bss)
    HEAP                                     0x20000418   Section      512  startup_stm32f030.o(HEAP)
    Heap_Mem                                 0x20000418   Data         512  startup_stm32f030.o(HEAP)
    STACK                                    0x20000618   Section     1024  startup_stm32f030.o(STACK)
    Stack_Mem                                0x20000618   Data        1024  startup_stm32f030.o(STACK)
    __initial_sp                             0x20000a18   Data           0  startup_stm32f030.o(STACK)

    Global Symbols

    Symbol Name                              Value     Ov Type        Size  Object(Section)

    BuildAttributes$$THM_ISAv3M$S$PE$A:L22$X:L11$S22$IEEE1$IW$USESV6$~STKCKD$USESV7$~SHL$OTIME$ROPI$IEEEJ$EBA8$UX$STANDARDLIB$REQ8$PRES8$EABIv2 0x00000000   Number         0  anon$$obj.o ABSOLUTE
    __ARM_use_no_argv                        0x00000000   Number         0  main.o ABSOLUTE
    __ARM_exceptions_init                     - Undefined Weak Reference
    __alloca_initialize                       - Undefined Weak Reference
    __arm_preinit_                            - Undefined Weak Reference
    __cpp_initialize__aeabi_                  - Undefined Weak Reference
    __cxa_finalize                            - Undefined Weak Reference
    __rt_locale                               - Undefined Weak Reference
    __sigvec_lookup                           - Undefined Weak Reference
    _atexit_init                              - Undefined Weak Reference
    _call_atexit_fns                          - Undefined Weak Reference
    _clock_init                               - Undefined Weak Reference
    _fp_trap_init                             - Undefined Weak Reference
    _fp_trap_shutdown                         - Undefined Weak Reference
    _get_lc_collate                           - Undefined Weak Reference
    _get_lc_ctype                             - Undefined Weak Reference
    _get_lc_monetary                          - Undefined Weak Reference
    _get_lc_numeric                           - Undefined Weak Reference
    _get_lc_time                              - Undefined Weak Reference
    _getenv_init                              - Undefined Weak Reference
    _handle_redirection                       - Undefined Weak Reference
    _init_alloc                               - Undefined Weak Reference
    _init_user_alloc                          - Undefined Weak Reference
    _initio                                   - Undefined Weak Reference
    _printf_post_padding                      - Undefined Weak Reference
    _printf_pre_padding                       - Undefined Weak Reference
    _printf_truncate_signed                   - Undefined Weak Reference
    _printf_truncate_unsigned                 - Undefined Weak Reference
    _rand_init                                - Undefined Weak Reference
    _signal_finish                            - Undefined Weak Reference
    _signal_init                              - Undefined Weak Reference
    _terminate_alloc                          - Undefined Weak Reference
    _terminate_user_alloc                     - Undefined Weak Reference
    _terminateio                              - Undefined Weak Reference
    __Vectors_Size                           0x000000b4   Number         0  startup_stm32f030.o ABSOLUTE
    __Vectors                                0x08000000   Data           4  startup_stm32f030.o(RESET)
    __Vectors_End                            0x080000b4   Data           0  startup_stm32f030.o(RESET)
    __main                                   0x080000b5   Thumb Code     8  __main.o(!!!main)
    __scatterload                            0x080000bd   Thumb Code     0  __scatter.o(!!!scatter)
    __scatterload_rt2                        0x080000bd   Thumb Code    52  __scatter.o(!!!scatter)
    __scatterload_rt2_thumb_only             0x080000bd   Thumb Code     0  __scatter.o(!!!scatter)
    __scatterload_null                       0x080000cd   Thumb Code     0  __scatter.o(!!!scatter)
    __scatterload_copy                       0x080000f9   Thumb Code    26  __scatter_copy.o(!!handler_copy)
    __scatterload_zeroinit                   0x08000115   Thumb Code    28  __scatter_zi.o(!!handler_zi)
    _printf_percent                          0x08000131   Thumb Code     0  _printf_percent.o(.ARM.Collect$$_printf_percent$$00000000)
    _printf_d                                0x08000133   Thumb Code     0  _printf_d.o(.ARM.Collect$$_printf_percent$$00000009)
    _printf_x                                0x0800013d   Thumb Code     0  _printf_x.o(.ARM.Collect$$_printf_percent$$0000000C)
    _printf_percent_end                      0x08000147   Thumb Code     0  _printf_percent_end.o(.ARM.Collect$$_printf_percent$$00000017)
    __rt_lib_init                            0x0800014b   Thumb Code     0  libinit.o(.ARM.Collect$$libinit$$00000000)
    __rt_lib_init_alloca_1                   0x0800014d   Thumb Code     0  libinit2.o(.ARM.Collect$$libinit$$0000002E)
    __rt_lib_init_argv_1                     0x0800014d   Thumb Code     0  libinit2.o(.ARM.Collect$$libinit$$0000002C)
    __rt_lib_init_atexit_1                   0x0800014d   Thumb Code     0  libinit2.o(.ARM.Collect$$libinit$$0000001B)
    __rt_lib_init_clock_1                    0x0800014d   Thumb Code     0  libinit2.o(.ARM.Collect$$libinit$$00000021)
    __rt_lib_init_cpp_1                      0x0800014d   Thumb Code     0  libinit2.o(.ARM.Collect$$libinit$$00000032)
    __rt_lib_init_exceptions_1               0x0800014d   Thumb Code     0  libinit2.o(.ARM.Collect$$libinit$$00000030)
    __rt_lib_init_fp_1                       0x0800014d   Thumb Code     0  libinit2.o(.ARM.Collect$$libinit$$00000002)
    __rt_lib_init_fp_trap_1                  0x0800014d   Thumb Code     0  libinit2.o(.ARM.Collect$$libinit$$0000001F)
    __rt_lib_init_getenv_1                   0x0800014d   Thumb Code     0  libinit2.o(.ARM.Collect$$libinit$$00000023)
    __rt_lib_init_heap_1                     0x0800014d   Thumb Code     0  libinit2.o(.ARM.Collect$$libinit$$0000000A)
    __rt_lib_init_lc_collate_1               0x0800014d   Thumb Code     0  libinit2.o(.ARM.Collect$$libinit$$00000011)
    __rt_lib_init_lc_ctype_1                 0x0800014d   Thumb Code     0  libinit2.o(.ARM.Collect$$libinit$$00000013)
    __rt_lib_init_lc_monetary_1              0x0800014d   Thumb Code     0  libinit2.o(.ARM.Collect$$libinit$$00000015)
    __rt_lib_init_lc_numeric_1               0x0800014d   Thumb Code     0  libinit2.o(.ARM.Collect$$libinit$$00000017)
    __rt_lib_init_lc_time_1                  0x0800014d   Thumb Code     0  libinit2.o(.ARM.Collect$$libinit$$00000019)
    __rt_lib_init_preinit_1                  0x0800014d   Thumb Code     0  libinit2.o(.ARM.Collect$$libinit$$00000004)
    __rt_lib_init_rand_1                     0x0800014d   Thumb Code     0  libinit2.o(.ARM.Collect$$libinit$$0000000E)
    __rt_lib_init_return                     0x0800014d   Thumb Code     0  libinit2.o(.ARM.Collect$$libinit$$00000033)
    __rt_lib_init_signal_1                   0x0800014d   Thumb Code     0  libinit2.o(.ARM.Collect$$libinit$$0000001D)
    __rt_lib_init_stdio_1                    0x0800014d   Thumb Code     0  libinit2.o(.ARM.Collect$$libinit$$00000025)
    __rt_lib_init_user_alloc_1               0x0800014d   Thumb Code     0  libinit2.o(.ARM.Collect$$libinit$$0000000C)
    __rt_lib_shutdown                        0x0800014f   Thumb Code     0  libshutdown.o(.ARM.Collect$$libshutdown$$00000000)
    __rt_lib_shutdown_fp_trap_1              0x08000151   Thumb Code     0  libshutdown2.o(.ARM.Collect$$libshutdown$$00000006)
    __rt_lib_shutdown_heap_1                 0x08000151   Thumb Code     0  libshutdown2.o(.ARM.Collect$$libshutdown$$0000000E)
    __rt_lib_shutdown_return                 0x08000151   Thumb Code     0  libshutdown2.o(.ARM.Collect$$libshutdown$$0000000F)
    __rt_lib_shutdown_signal_1               0x08000151   Thumb Code     0  libshutdown2.o(.ARM.Collect$$libshutdown$$00000009)
    __rt_lib_shutdown_stdio_1                0x08000151   Thumb Code     0  libshutdown2.o(.ARM.Collect$$libshutdown$$00000003)
    __rt_lib_shutdown_user_alloc_1           0x08000151   Thumb Code     0  libshutdown2.o(.ARM.Collect$$libshutdown$$0000000B)
    __rt_entry                               0x08000153   Thumb Code     0  __rtentry.o(.ARM.Collect$$rtentry$$00000000)
    __rt_entry_presh_1                       0x08000153   Thumb Code     0  __rtentry2.o(.ARM.Collect$$rtentry$$00000002)
    __rt_entry_sh                            0x08000153   Thumb Code     0  __rtentry4.o(.ARM.Collect$$rtentry$$00000004)
    __rt_entry_li                            0x08000159   Thumb Code     0  __rtentry2.o(.ARM.Collect$$rtentry$$0000000A)
    __rt_entry_postsh_1                      0x08000159   Thumb Code     0  __rtentry2.o(.ARM.Collect$$rtentry$$00000009)
    __rt_entry_main                          0x0800015d   Thumb Code     0  __rtentry2.o(.ARM.Collect$$rtentry$$0000000D)
    __rt_entry_postli_1                      0x0800015d   Thumb Code     0  __rtentry2.o(.ARM.Collect$$rtentry$$0000000C)
    __rt_exit                                0x08000165   Thumb Code     0  rtexit.o(.ARM.Collect$$rtexit$$00000000)
    __rt_exit_ls                             0x08000167   Thumb Code     0  rtexit2.o(.ARM.Collect$$rtexit$$00000003)
    __rt_exit_prels_1                        0x08000167   Thumb Code     0  rtexit2.o(.ARM.Collect$$rtexit$$00000002)
    __rt_exit_exit                           0x0800016b   Thumb Code     0  rtexit2.o(.ARM.Collect$$rtexit$$00000004)
    ADC_DeInit                               0x08000171   Thumb Code    28  stm32f0xx_adc.o(.text)
    ADC_Init                                 0x0800018d   Thumb Code    40  stm32f0xx_adc.o(.text)
    ADC_StructInit                           0x080001b5   Thumb Code    16  stm32f0xx_adc.o(.text)
    ADC_Cmd                                  0x080001c5   Thumb Code    24  stm32f0xx_adc.o(.text)
    ADC_JitterCmd                            0x080001dd   Thumb Code    20  stm32f0xx_adc.o(.text)
    ADC_AutoPowerOffCmd                      0x080001f1   Thumb Code    28  stm32f0xx_adc.o(.text)
    ADC_WaitModeCmd                          0x0800020d   Thumb Code    28  stm32f0xx_adc.o(.text)
    ADC_AnalogWatchdogCmd                    0x08000229   Thumb Code    28  stm32f0xx_adc.o(.text)
    ADC_AnalogWatchdogThresholdsConfig       0x08000245   Thumb Code     8  stm32f0xx_adc.o(.text)
    ADC_AnalogWatchdogSingleChannelConfig    0x0800024d   Thumb Code    28  stm32f0xx_adc.o(.text)
    ADC_AnalogWatchdogSingleChannelCmd       0x08000269   Thumb Code    28  stm32f0xx_adc.o(.text)
    ADC_TempSensorCmd                        0x08000285   Thumb Code    36  stm32f0xx_adc.o(.text)
    ADC_VrefintCmd                           0x080002a9   Thumb Code    36  stm32f0xx_adc.o(.text)
    ADC_VbatCmd                              0x080002cd   Thumb Code    36  stm32f0xx_adc.o(.text)
    ADC_ChannelConfig                        0x080002f1   Thumb Code    24  stm32f0xx_adc.o(.text)
    ADC_ContinuousModeCmd                    0x08000309   Thumb Code    28  stm32f0xx_adc.o(.text)
    ADC_DiscModeCmd                          0x08000325   Thumb Code    28  stm32f0xx_adc.o(.text)
    ADC_OverrunModeCmd                       0x08000341   Thumb Code    28  stm32f0xx_adc.o(.text)
    ADC_GetCalibrationFactor                 0x0800035d   Thumb Code    60  stm32f0xx_adc.o(.text)
    ADC_StopOfConversion                     0x08000399   Thumb Code    10  stm32f0xx_adc.o(.text)
    ADC_StartOfConversion                    0x080003a3   Thumb Code    10  stm32f0xx_adc.o(.text)
    ADC_GetConversionValue                   0x080003ad   Thumb Code     8  stm32f0xx_adc.o(.text)
    ADC_DMACmd                               0x080003b5   Thumb Code    24  stm32f0xx_adc.o(.text)
    ADC_DMARequestModeConfig                 0x080003cd   Thumb Code    16  stm32f0xx_adc.o(.text)
    ADC_ITConfig                             0x080003dd   Thumb Code    20  stm32f0xx_adc.o(.text)
    ADC_GetFlagStatus                        0x080003f1   Thumb Code    48  stm32f0xx_adc.o(.text)
    ADC_ClearFlag                            0x08000421   Thumb Code     4  stm32f0xx_adc.o(.text)
    ADC_GetITStatus                          0x08000425   Thumb Code    34  stm32f0xx_adc.o(.text)
    ADC_ClearITPendingBit                    0x08000447   Thumb Code     4  stm32f0xx_adc.o(.text)
    DMA_DeInit                               0x08000459   Thumb Code   152  stm32f0xx_dma.o(.text)
    DMA_Init                                 0x080004f1   Thumb Code    58  stm32f0xx_dma.o(.text)
    DMA_StructInit                           0x0800052b   Thumb Code    26  stm32f0xx_dma.o(.text)
    DMA_Cmd                                  0x08000545   Thumb Code    24  stm32f0xx_dma.o(.text)
    DMA_SetCurrDataCounter                   0x0800055d   Thumb Code     4  stm32f0xx_dma.o(.text)
    DMA_GetCurrDataCounter                   0x08000561   Thumb Code     8  stm32f0xx_dma.o(.text)
    DMA_ITConfig                             0x08000569   Thumb Code    20  stm32f0xx_dma.o(.text)
    DMA_GetFlagStatus                        0x0800057d   Thumb Code    24  stm32f0xx_dma.o(.text)
    DMA_ClearFlag                            0x08000595   Thumb Code     8  stm32f0xx_dma.o(.text)
    DMA_GetITStatus                          0x0800059d   Thumb Code    24  stm32f0xx_dma.o(.text)
    DMA_ClearITPendingBit                    0x080005b5   Thumb Code     8  stm32f0xx_dma.o(.text)
    EXTI_DeInit                              0x080005c9   Thumb Code    20  stm32f0xx_exti.o(.text)
    EXTI_Init                                0x080005dd   Thumb Code   132  stm32f0xx_exti.o(.text)
    EXTI_StructInit                          0x08000661   Thumb Code    16  stm32f0xx_exti.o(.text)
    EXTI_GenerateSWInterrupt                 0x08000671   Thumb Code    12  stm32f0xx_exti.o(.text)
    EXTI_GetFlagStatus                       0x0800067d   Thumb Code    22  stm32f0xx_exti.o(.text)
    EXTI_ClearFlag                           0x08000693   Thumb Code     6  stm32f0xx_exti.o(.text)
    EXTI_GetITStatus                         0x08000699   Thumb Code    36  stm32f0xx_exti.o(.text)
    EXTI_ClearITPendingBit                   0x080006bd   Thumb Code     6  stm32f0xx_exti.o(.text)
    GPIO_DeInit                              0x080006d1   Thumb Code   132  stm32f0xx_gpio.o(.text)
    GPIO_Init                                0x08000755   Thumb Code   144  stm32f0xx_gpio.o(.text)
    GPIO_StructInit                          0x080007e5   Thumb Code    20  stm32f0xx_gpio.o(.text)
    GPIO_PinLockConfig                       0x080007f9   Thumb Code    34  stm32f0xx_gpio.o(.text)
    GPIO_ReadInputDataBit                    0x0800081b   Thumb Code    20  stm32f0xx_gpio.o(.text)
    GPIO_ReadInputData                       0x0800082f   Thumb Code     6  stm32f0xx_gpio.o(.text)
    GPIO_ReadOutputDataBit                   0x08000835   Thumb Code    20  stm32f0xx_gpio.o(.text)
    GPIO_ReadOutputData                      0x08000849   Thumb Code     6  stm32f0xx_gpio.o(.text)
    GPIO_SetBits                             0x0800084f   Thumb Code     4  stm32f0xx_gpio.o(.text)
    GPIO_ResetBits                           0x08000853   Thumb Code     4  stm32f0xx_gpio.o(.text)
    GPIO_WriteBit                            0x08000857   Thumb Code    12  stm32f0xx_gpio.o(.text)
    GPIO_Write                               0x08000863   Thumb Code     4  stm32f0xx_gpio.o(.text)
    GPIO_PinAFConfig                         0x08000867   Thumb Code    68  stm32f0xx_gpio.o(.text)
    NVIC_Init                                0x080008c1   Thumb Code   106  stm32f0xx_misc.o(.text)
    NVIC_SystemLPConfig                      0x0800092b   Thumb Code    28  stm32f0xx_misc.o(.text)
    SysTick_CLKSourceConfig                  0x08000947   Thumb Code    32  stm32f0xx_misc.o(.text)
    RCC_DeInit                               0x08000975   Thumb Code   104  stm32f0xx_rcc.o(.text)
    RCC_HSEConfig                            0x080009dd   Thumb Code    12  stm32f0xx_rcc.o(.text)
    RCC_GetFlagStatus                        0x080009e9   Thumb Code    68  stm32f0xx_rcc.o(.text)
    RCC_WaitForHSEStartUp                    0x08000a2d   Thumb Code    60  stm32f0xx_rcc.o(.text)
    RCC_AdjustHSICalibrationValue            0x08000a69   Thumb Code    26  stm32f0xx_rcc.o(.text)
    RCC_HSICmd                               0x08000a83   Thumb Code    32  stm32f0xx_rcc.o(.text)
    RCC_AdjustHSI14CalibrationValue          0x08000aa3   Thumb Code    26  stm32f0xx_rcc.o(.text)
    RCC_HSI14Cmd                             0x08000abd   Thumb Code    32  stm32f0xx_rcc.o(.text)
    RCC_HSI14ADCRequestCmd                   0x08000add   Thumb Code    32  stm32f0xx_rcc.o(.text)
    RCC_LSEConfig                            0x08000afd   Thumb Code    34  stm32f0xx_rcc.o(.text)
    RCC_LSEDriveConfig                       0x08000b1f   Thumb Code    22  stm32f0xx_rcc.o(.text)
    RCC_LSICmd                               0x08000b35   Thumb Code    32  stm32f0xx_rcc.o(.text)
    RCC_PLLConfig                            0x08000b55   Thumb Code    30  stm32f0xx_rcc.o(.text)
    RCC_PLLCmd                               0x08000b73   Thumb Code    36  stm32f0xx_rcc.o(.text)
    RCC_PREDIV1Config                        0x08000b97   Thumb Code    24  stm32f0xx_rcc.o(.text)
    RCC_ClockSecuritySystemCmd               0x08000baf   Thumb Code    36  stm32f0xx_rcc.o(.text)
    RCC_MCOConfig                            0x08000bd3   Thumb Code     6  stm32f0xx_rcc.o(.text)
    RCC_SYSCLKConfig                         0x08000bd9   Thumb Code    24  stm32f0xx_rcc.o(.text)
    RCC_GetSYSCLKSource                      0x08000bf1   Thumb Code    10  stm32f0xx_rcc.o(.text)
    RCC_HCLKConfig                           0x08000bfb   Thumb Code    28  stm32f0xx_rcc.o(.text)
    RCC_PCLKConfig                           0x08000c17   Thumb Code    30  stm32f0xx_rcc.o(.text)
    RCC_ADCCLKConfig                         0x08000c35   Thumb Code    52  stm32f0xx_rcc.o(.text)
    RCC_CECCLKConfig                         0x08000c69   Thumb Code    22  stm32f0xx_rcc.o(.text)
    RCC_I2CCLKConfig                         0x08000c7f   Thumb Code    22  stm32f0xx_rcc.o(.text)
    RCC_USARTCLKConfig                       0x08000c95   Thumb Code    22  stm32f0xx_rcc.o(.text)
    RCC_GetClocksFreq                        0x08000cab   Thumb Code   372  stm32f0xx_rcc.o(.text)
    RCC_RTCCLKConfig                         0x08000e1f   Thumb Code    12  stm32f0xx_rcc.o(.text)
    RCC_RTCCLKCmd                            0x08000e2b   Thumb Code    36  stm32f0xx_rcc.o(.text)
    RCC_BackupResetCmd                       0x08000e4f   Thumb Code    36  stm32f0xx_rcc.o(.text)
    RCC_AHBPeriphClockCmd                    0x08000e73   Thumb Code    28  stm32f0xx_rcc.o(.text)
    RCC_APB2PeriphClockCmd                   0x08000e8f   Thumb Code    28  stm32f0xx_rcc.o(.text)
    RCC_APB1PeriphClockCmd                   0x08000eab   Thumb Code    28  stm32f0xx_rcc.o(.text)
    RCC_AHBPeriphResetCmd                    0x08000ec7   Thumb Code    28  stm32f0xx_rcc.o(.text)
    RCC_APB2PeriphResetCmd                   0x08000ee3   Thumb Code    28  stm32f0xx_rcc.o(.text)
    RCC_APB1PeriphResetCmd                   0x08000eff   Thumb Code    28  stm32f0xx_rcc.o(.text)
    RCC_ITConfig                             0x08000f1b   Thumb Code    28  stm32f0xx_rcc.o(.text)
    RCC_ClearFlag                            0x08000f37   Thumb Code    16  stm32f0xx_rcc.o(.text)
    RCC_GetITStatus                          0x08000f47   Thumb Code    22  stm32f0xx_rcc.o(.text)
    RCC_ClearITPendingBit                    0x08000f5d   Thumb Code     6  stm32f0xx_rcc.o(.text)
    SYSCFG_DeInit                            0x08000f71   Thumb Code    40  stm32f0xx_syscfg.o(.text)
    SYSCFG_MemoryRemapConfig                 0x08000f99   Thumb Code    24  stm32f0xx_syscfg.o(.text)
    SYSCFG_DMAChannelRemapConfig             0x08000fb1   Thumb Code    28  stm32f0xx_syscfg.o(.text)
    SYSCFG_I2CFastModePlusConfig             0x08000fcd   Thumb Code    28  stm32f0xx_syscfg.o(.text)
    SYSCFG_EXTILineConfig                    0x08000fe9   Thumb Code    66  stm32f0xx_syscfg.o(.text)
    SYSCFG_BreakConfig                       0x0800102b   Thumb Code    12  stm32f0xx_syscfg.o(.text)
    SYSCFG_GetFlagStatus                     0x08001037   Thumb Code    26  stm32f0xx_syscfg.o(.text)
    SYSCFG_ClearFlag                         0x08001051   Thumb Code    12  stm32f0xx_syscfg.o(.text)
    USART_DeInit                             0x08001061   Thumb Code    56  stm32f0xx_usart.o(.text)
    USART_Init                               0x08001099   Thumb Code   234  stm32f0xx_usart.o(.text)
    USART_StructInit                         0x08001183   Thumb Code    24  stm32f0xx_usart.o(.text)
    USART_ClockInit                          0x0800119b   Thumb Code    36  stm32f0xx_usart.o(.text)
    USART_ClockStructInit                    0x080011bf   Thumb Code    12  stm32f0xx_usart.o(.text)
    USART_Cmd                                0x080011cb   Thumb Code    24  stm32f0xx_usart.o(.text)
    USART_DirectionModeCmd                   0x080011e3   Thumb Code    20  stm32f0xx_usart.o(.text)
    USART_OverSampling8Cmd                   0x080011f7   Thumb Code    28  stm32f0xx_usart.o(.text)
    USART_OneBitMethodCmd                    0x08001213   Thumb Code    28  stm32f0xx_usart.o(.text)
    USART_MSBFirstCmd                        0x0800122f   Thumb Code    28  stm32f0xx_usart.o(.text)
    USART_DataInvCmd                         0x0800124b   Thumb Code    28  stm32f0xx_usart.o(.text)
    USART_InvPinCmd                          0x08001267   Thumb Code    20  stm32f0xx_usart.o(.text)
    USART_SWAPPinCmd                         0x0800127b   Thumb Code    28  stm32f0xx_usart.o(.text)
    USART_ReceiverTimeOutCmd                 0x08001297   Thumb Code    28  stm32f0xx_usart.o(.text)
    USART_SetReceiverTimeOut                 0x080012b3   Thumb Code    16  stm32f0xx_usart.o(.text)
    USART_SetPrescaler                       0x080012c3   Thumb Code    18  stm32f0xx_usart.o(.text)
    USART_STOPModeCmd                        0x080012d5   Thumb Code    24  stm32f0xx_usart.o(.text)
    USART_StopModeWakeUpSourceConfig         0x080012ed   Thumb Code    18  stm32f0xx_usart.o(.text)
    USART_AutoBaudRateCmd                    0x080012ff   Thumb Code    28  stm32f0xx_usart.o(.text)
    USART_AutoBaudRateConfig                 0x0800131b   Thumb Code    18  stm32f0xx_usart.o(.text)
    USART_AutoBaudRateNewRequest             0x0800132d   Thumb Code    12  stm32f0xx_usart.o(.text)
    USART_SendData                           0x08001339   Thumb Code     8  stm32f0xx_usart.o(.text)
    USART_ReceiveData                        0x08001341   Thumb Code    10  stm32f0xx_usart.o(.text)
    USART_SetAddress                         0x0800134b   Thumb Code    18  stm32f0xx_usart.o(.text)
    USART_MuteModeCmd                        0x0800135d   Thumb Code    28  stm32f0xx_usart.o(.text)
    USART_MuteModeWakeUpConfig               0x08001379   Thumb Code    18  stm32f0xx_usart.o(.text)
    USART_AddressDetectionConfig             0x0800138b   Thumb Code    16  stm32f0xx_usart.o(.text)
    USART_LINBreakDetectLengthConfig         0x0800139b   Thumb Code    16  stm32f0xx_usart.o(.text)
    USART_LINCmd                             0x080013ab   Thumb Code    28  stm32f0xx_usart.o(.text)
    USART_HalfDuplexCmd                      0x080013c7   Thumb Code    24  stm32f0xx_usart.o(.text)
    USART_SetGuardTime                       0x080013df   Thumb Code    16  stm32f0xx_usart.o(.text)
    USART_SmartCardCmd                       0x080013ef   Thumb Code    24  stm32f0xx_usart.o(.text)
    USART_SmartCardNACKCmd                   0x08001407   Thumb Code    24  stm32f0xx_usart.o(.text)
    USART_SetAutoRetryCount                  0x0800141f   Thumb Code    20  stm32f0xx_usart.o(.text)
    USART_SetBlockLength                     0x08001433   Thumb Code    30  stm32f0xx_usart.o(.text)
    USART_IrDAConfig                         0x08001451   Thumb Code    16  stm32f0xx_usart.o(.text)
    USART_IrDACmd                            0x08001461   Thumb Code    24  stm32f0xx_usart.o(.text)
    USART_DECmd                              0x08001479   Thumb Code    28  stm32f0xx_usart.o(.text)
    USART_DEPolarityConfig                   0x08001495   Thumb Code    18  stm32f0xx_usart.o(.text)
    USART_SetDEAssertionTime                 0x080014a7   Thumb Code    20  stm32f0xx_usart.o(.text)
    USART_SetDEDeassertionTime               0x080014bb   Thumb Code    20  stm32f0xx_usart.o(.text)
    USART_DMACmd                             0x080014cf   Thumb Code    20  stm32f0xx_usart.o(.text)
    USART_DMAReceptionErrorConfig            0x080014e3   Thumb Code    18  stm32f0xx_usart.o(.text)
    USART_ITConfig                           0x080014f5   Thumb Code    66  stm32f0xx_usart.o(.text)
    USART_RequestCmd                         0x08001537   Thumb Code    20  stm32f0xx_usart.o(.text)
    USART_OverrunDetectionConfig             0x0800154b   Thumb Code    18  stm32f0xx_usart.o(.text)
    USART_GetFlagStatus                      0x0800155d   Thumb Code    20  stm32f0xx_usart.o(.text)
    USART_ClearFlag                          0x08001571   Thumb Code     4  stm32f0xx_usart.o(.text)
    USART_GetITStatus                        0x08001575   Thumb Code    78  stm32f0xx_usart.o(.text)
    USART_ClearITPendingBit                  0x080015c3   Thumb Code    18  stm32f0xx_usart.o(.text)
    TIM_DeInit                               0x080015d5   Thumb Code   204  stm32f0xx_tim.o(.text)
    TIM_TimeBaseInit                         0x080016a1   Thumb Code    90  stm32f0xx_tim.o(.text)
    TIM_TimeBaseStructInit                   0x080016fb   Thumb Code    18  stm32f0xx_tim.o(.text)
    TIM_PrescalerConfig                      0x0800170d   Thumb Code     6  stm32f0xx_tim.o(.text)
    TIM_CounterModeConfig                    0x08001713   Thumb Code    20  stm32f0xx_tim.o(.text)
    TIM_SetCounter                           0x08001727   Thumb Code     4  stm32f0xx_tim.o(.text)
    TIM_SetAutoreload                        0x0800172b   Thumb Code     4  stm32f0xx_tim.o(.text)
    TIM_GetCounter                           0x0800172f   Thumb Code     6  stm32f0xx_tim.o(.text)
    TIM_GetPrescaler                         0x08001735   Thumb Code     6  stm32f0xx_tim.o(.text)
    TIM_UpdateDisableConfig                  0x0800173b   Thumb Code    26  stm32f0xx_tim.o(.text)
    TIM_UpdateRequestConfig                  0x08001755   Thumb Code    26  stm32f0xx_tim.o(.text)
    TIM_ARRPreloadConfig                     0x0800176f   Thumb Code    26  stm32f0xx_tim.o(.text)
    TIM_SelectOnePulseMode                   0x08001789   Thumb Code    18  stm32f0xx_tim.o(.text)
    TIM_SetClockDivision                     0x0800179b   Thumb Code    16  stm32f0xx_tim.o(.text)
    TIM_Cmd                                  0x080017ab   Thumb Code    26  stm32f0xx_tim.o(.text)
    TIM_BDTRConfig                           0x080017c5   Thumb Code    32  stm32f0xx_tim.o(.text)
    TIM_BDTRStructInit                       0x080017e5   Thumb Code    18  stm32f0xx_tim.o(.text)
    TIM_CtrlPWMOutputs                       0x080017f7   Thumb Code    34  stm32f0xx_tim.o(.text)
    TIM_OC1Init                              0x08001819   Thumb Code   122  stm32f0xx_tim.o(.text)
    TIM_OC2Init                              0x08001893   Thumb Code   132  stm32f0xx_tim.o(.text)
    TIM_OC3Init                              0x08001917   Thumb Code   124  stm32f0xx_tim.o(.text)
    TIM_OC4Init                              0x08001993   Thumb Code   150  stm32f0xx_tim.o(.text)
    TIM_OCStructInit                         0x08001a29   Thumb Code    20  stm32f0xx_tim.o(.text)
    TIM_SelectOCxM                           0x08001a3d   Thumb Code    82  stm32f0xx_tim.o(.text)
    TIM_SetCompare1                          0x08001a8f   Thumb Code     4  stm32f0xx_tim.o(.text)
    TIM_SetCompare2                          0x08001a93   Thumb Code     4  stm32f0xx_tim.o(.text)
    TIM_SetCompare3                          0x08001a97   Thumb Code     4  stm32f0xx_tim.o(.text)
    TIM_SetCompare4                          0x08001a9b   Thumb Code     4  stm32f0xx_tim.o(.text)
    TIM_ForcedOC1Config                      0x08001a9f   Thumb Code    20  stm32f0xx_tim.o(.text)
    TIM_ForcedOC2Config                      0x08001ab3   Thumb Code    20  stm32f0xx_tim.o(.text)
    TIM_ForcedOC3Config                      0x08001ac7   Thumb Code    20  stm32f0xx_tim.o(.text)
    TIM_ForcedOC4Config                      0x08001adb   Thumb Code    20  stm32f0xx_tim.o(.text)
    TIM_CCPreloadControl                     0x08001aef   Thumb Code    26  stm32f0xx_tim.o(.text)
    TIM_OC1PreloadConfig                     0x08001b09   Thumb Code    22  stm32f0xx_tim.o(.text)
    TIM_OC2PreloadConfig                     0x08001b1f   Thumb Code    20  stm32f0xx_tim.o(.text)
    TIM_OC3PreloadConfig                     0x08001b33   Thumb Code    22  stm32f0xx_tim.o(.text)
    TIM_OC4PreloadConfig                     0x08001b49   Thumb Code    20  stm32f0xx_tim.o(.text)
    TIM_OC1FastConfig                        0x08001b5d   Thumb Code    22  stm32f0xx_tim.o(.text)
    TIM_OC2FastConfig                        0x08001b73   Thumb Code    20  stm32f0xx_tim.o(.text)
    TIM_OC3FastConfig                        0x08001b87   Thumb Code    22  stm32f0xx_tim.o(.text)
    TIM_OC4FastConfig                        0x08001b9d   Thumb Code    20  stm32f0xx_tim.o(.text)
    TIM_ClearOC1Ref                          0x08001bb1   Thumb Code    22  stm32f0xx_tim.o(.text)
    TIM_ClearOC2Ref                          0x08001bc7   Thumb Code    20  stm32f0xx_tim.o(.text)
    TIM_ClearOC3Ref                          0x08001bdb   Thumb Code    22  stm32f0xx_tim.o(.text)
    TIM_ClearOC4Ref                          0x08001bf1   Thumb Code    20  stm32f0xx_tim.o(.text)
    TIM_OC1PolarityConfig                    0x08001c05   Thumb Code    22  stm32f0xx_tim.o(.text)
    TIM_OC1NPolarityConfig                   0x08001c1b   Thumb Code    22  stm32f0xx_tim.o(.text)
    TIM_OC2PolarityConfig                    0x08001c31   Thumb Code    22  stm32f0xx_tim.o(.text)
    TIM_OC2NPolarityConfig                   0x08001c47   Thumb Code    22  stm32f0xx_tim.o(.text)
    TIM_OC3PolarityConfig                    0x08001c5d   Thumb Code    20  stm32f0xx_tim.o(.text)
    TIM_OC3NPolarityConfig                   0x08001c71   Thumb Code    20  stm32f0xx_tim.o(.text)
    TIM_OC4PolarityConfig                    0x08001c85   Thumb Code    20  stm32f0xx_tim.o(.text)
    TIM_SelectOCREFClear                     0x08001c99   Thumb Code    18  stm32f0xx_tim.o(.text)
    TIM_CCxCmd                               0x08001cab   Thumb Code    30  stm32f0xx_tim.o(.text)
    TIM_CCxNCmd                              0x08001cc9   Thumb Code    30  stm32f0xx_tim.o(.text)
    TIM_SelectCOM                            0x08001ce7   Thumb Code    26  stm32f0xx_tim.o(.text)
    TIM_SetIC4Prescaler                      0x08001d01   Thumb Code    20  stm32f0xx_tim.o(.text)
    TIM_SetIC3Prescaler                      0x08001d57   Thumb Code    18  stm32f0xx_tim.o(.text)
    TIM_SetIC2Prescaler                      0x08001dab   Thumb Code    20  stm32f0xx_tim.o(.text)
    TIM_SetIC1Prescaler                      0x08001e35   Thumb Code    16  stm32f0xx_tim.o(.text)
    TIM_ICInit                               0x08001e7b   Thumb Code   112  stm32f0xx_tim.o(.text)
    TIM_ICStructInit                         0x08001eeb   Thumb Code    18  stm32f0xx_tim.o(.text)
    TIM_PWMIConfig                           0x08001efd   Thumb Code   124  stm32f0xx_tim.o(.text)
    TIM_GetCapture1                          0x08001f79   Thumb Code     6  stm32f0xx_tim.o(.text)
    TIM_GetCapture2                          0x08001f7f   Thumb Code     6  stm32f0xx_tim.o(.text)
    TIM_GetCapture3                          0x08001f85   Thumb Code     6  stm32f0xx_tim.o(.text)
    TIM_GetCapture4                          0x08001f8b   Thumb Code     6  stm32f0xx_tim.o(.text)
    TIM_ITConfig                             0x08001f91   Thumb Code    20  stm32f0xx_tim.o(.text)
    TIM_GenerateEvent                        0x08001fa5   Thumb Code     4  stm32f0xx_tim.o(.text)
    TIM_GetFlagStatus                        0x08001fa9   Thumb Code    20  stm32f0xx_tim.o(.text)
    TIM_ClearFlag                            0x08001fbd   Thumb Code     6  stm32f0xx_tim.o(.text)
    TIM_GetITStatus                          0x08001fc3   Thumb Code    38  stm32f0xx_tim.o(.text)
    TIM_ClearITPendingBit                    0x08001fe9   Thumb Code     6  stm32f0xx_tim.o(.text)
    TIM_DMAConfig                            0x08001fef   Thumb Code    12  stm32f0xx_tim.o(.text)
    TIM_DMACmd                               0x08001ffb   Thumb Code    20  stm32f0xx_tim.o(.text)
    TIM_SelectCCDMA                          0x0800200f   Thumb Code    26  stm32f0xx_tim.o(.text)
    TIM_InternalClockConfig                  0x08002029   Thumb Code    12  stm32f0xx_tim.o(.text)
    TIM_SelectInputTrigger                   0x08002035   Thumb Code    22  stm32f0xx_tim.o(.text)
    TIM_ITRxExternalClockConfig              0x0800204b   Thumb Code    24  stm32f0xx_tim.o(.text)
    TIM_TIxExternalClockConfig               0x08002063   Thumb Code    58  stm32f0xx_tim.o(.text)
    TIM_ETRConfig                            0x0800209d   Thumb Code    24  stm32f0xx_tim.o(.text)
    TIM_ETRClockMode1Config                  0x080020b5   Thumb Code    48  stm32f0xx_tim.o(.text)
    TIM_ETRClockMode2Config                  0x080020e5   Thumb Code    34  stm32f0xx_tim.o(.text)
    TIM_SelectOutputTrigger                  0x08002107   Thumb Code    18  stm32f0xx_tim.o(.text)
    TIM_SelectSlaveMode                      0x08002119   Thumb Code    18  stm32f0xx_tim.o(.text)
    TIM_SelectMasterSlaveMode                0x0800212b   Thumb Code    18  stm32f0xx_tim.o(.text)
    TIM_EncoderInterfaceConfig               0x0800213d   Thumb Code    60  stm32f0xx_tim.o(.text)
    TIM_SelectHallSensor                     0x08002179   Thumb Code    26  stm32f0xx_tim.o(.text)
    TIM_RemapConfig                          0x08002193   Thumb Code     6  stm32f0xx_tim.o(.text)
    PWR_DeInit                               0x080021a1   Thumb Code    22  stm32f0xx_pwr.o(.text)
    PWR_BackupAccessCmd                      0x080021b7   Thumb Code    36  stm32f0xx_pwr.o(.text)
    PWR_PVDLevelConfig                       0x080021db   Thumb Code    28  stm32f0xx_pwr.o(.text)
    PWR_PVDCmd                               0x080021f7   Thumb Code    32  stm32f0xx_pwr.o(.text)
    PWR_WakeUpPinCmd                         0x08002217   Thumb Code    28  stm32f0xx_pwr.o(.text)
    PWR_EnterSleepMode                       0x08002233   Thumb Code    24  stm32f0xx_pwr.o(.text)
    PWR_EnterSTOPMode                        0x0800224b   Thumb Code    60  stm32f0xx_pwr.o(.text)
    PWR_EnterSTANDBYMode                     0x08002287   Thumb Code    40  stm32f0xx_pwr.o(.text)
    PWR_GetFlagStatus                        0x080022af   Thumb Code    22  stm32f0xx_pwr.o(.text)
    PWR_ClearFlag                            0x080022c5   Thumb Code    14  stm32f0xx_pwr.o(.text)
    main                                     0x080022dd   Thumb Code    96  main.o(.text)
    Average_VOUT_VLOAD_Value                 0x08002381   Thumb Code    38  adc.o(.text)
    Enter_R_Queue                            0x080023a7   Thumb Code    24  adc.o(.text)
    Order_R                                  0x080023bf   Thumb Code    68  adc.o(.text)
    Average_R_Value                          0x08002403   Thumb Code    76  adc.o(.text)
    _R_AverageValue                          0x0800244f   Thumb Code    44  adc.o(.text)
    ADC1_DMA_Init                            0x0800247b   Thumb Code   282  adc.o(.text)
    Open_ADC                                 0x08002595   Thumb Code     8  adc.o(.text)
    Close_ADC                                0x0800259d   Thumb Code    30  adc.o(.text)
    ADC_Filter                               0x080025bb   Thumb Code   124  adc.o(.text)
    DMA1_Channel1_IRQHandler                 0x08002637   Thumb Code  1332  adc.o(.text)
    Delay                                    0x08002bf1   Thumb Code    20  systick.o(.text)
    TimingDelay_Decrement                    0x08002c05   Thumb Code    20  systick.o(.text)
    Systick_Init                             0x08002c19   Thumb Code    64  systick.o(.text)
    NMI_Handler                              0x08002ce1   Thumb Code     2  stm32f0xx_it.o(.text)
    HardFault_Handler                        0x08002ce3   Thumb Code     4  stm32f0xx_it.o(.text)
    SVC_Handler                              0x08002ce7   Thumb Code     2  stm32f0xx_it.o(.text)
    PendSV_Handler                           0x08002ce9   Thumb Code     2  stm32f0xx_it.o(.text)
    SysTick_Handler                          0x08002ceb   Thumb Code     8  stm32f0xx_it.o(.text)
    USART_Configuration                      0x08002cf5   Thumb Code   116  uart.o(.text)
    UART_send_byte                           0x08002d69   Thumb Code    22  uart.o(.text)
    UART_Send                                0x08002d7f   Thumb Code    34  uart.o(.text)
    UART_Recive                              0x08002da1   Thumb Code    24  uart.o(.text)
    fputc                                    0x08002db9   Thumb Code    32  uart.o(.text)
    AT24CXX_Init                             0x08002ddd   Thumb Code     8  24cxx.o(.text)
    AT24CXX_ReadOneByte                      0x08002de5   Thumb Code    86  24cxx.o(.text)
    AT24CXX_WriteOneByte                     0x08002e3b   Thumb Code    78  24cxx.o(.text)
    AT24CXX_WriteLenByte                     0x08002e89   Thumb Code    38  24cxx.o(.text)
    AT24CXX_ReadLenByte                      0x08002eaf   Thumb Code    40  24cxx.o(.text)
    AT24CXX_Check                            0x08002ed7   Thumb Code    46  24cxx.o(.text)
    AT24CXX_Read                             0x08002f05   Thumb Code    34  24cxx.o(.text)
    AT24CXX_Write                            0x08002f27   Thumb Code    36  24cxx.o(.text)
    AT24CXX_Addr_Init                        0x08002f4b   Thumb Code   214  24cxx.o(.text)
    delay_init                               0x0800306d   Thumb Code    46  delay.o(.text)
    delay_us                                 0x0800309b   Thumb Code    74  delay.o(.text)
    delay_ms                                 0x080030e5   Thumb Code    74  delay.o(.text)
    IIC_Init                                 0x08003145   Thumb Code    44  myiic.o(.text)
    SDA_OUT                                  0x08003171   Thumb Code    34  myiic.o(.text)
    SDA_IN                                   0x08003193   Thumb Code    32  myiic.o(.text)
    SDA_READ                                 0x080031b3   Thumb Code    12  myiic.o(.text)
    IIC_SDA_1                                0x080031bf   Thumb Code    12  myiic.o(.text)
    IIC_SDA_0                                0x080031cb   Thumb Code    12  myiic.o(.text)
    IIC_SCL_1                                0x080031d7   Thumb Code    12  myiic.o(.text)
    IIC_SCL_0                                0x080031e3   Thumb Code    12  myiic.o(.text)
    IIC_Start                                0x080031ef   Thumb Code    36  myiic.o(.text)
    IIC_Stop                                 0x08003213   Thumb Code    36  myiic.o(.text)
    IIC_Wait_Ack                             0x08003237   Thumb Code    62  myiic.o(.text)
    IIC_Ack                                  0x08003275   Thumb Code    36  myiic.o(.text)
    IIC_NAck                                 0x08003299   Thumb Code    36  myiic.o(.text)
    IIC_Send_Byte                            0x080032bd   Thumb Code    74  myiic.o(.text)
    IIC_Read_Byte                            0x08003307   Thumb Code    76  myiic.o(.text)
    ReadData                                 0x08003353   Thumb Code    58  myiic.o(.text)
    WriteData                                0x0800338d   Thumb Code    50  myiic.o(.text)
    KEY_Init                                 0x080033c9   Thumb Code    38  key.o(.text)
    Key_Delay                                0x080033ef   Thumb Code    10  key.o(.text)
    KEY_Down                                 0x080033f9   Thumb Code    62  key.o(.text)
    KEY_System_ON_OFF_Down                   0x08003437   Thumb Code    84  key.o(.text)
    CLOSE_SYSTEM                             0x0800348b   Thumb Code   102  key.o(.text)
    START_SYSTEM                             0x080034f1   Thumb Code   184  key.o(.text)
    KEY_ADDRESS                              0x080035a9   Thumb Code  1452  key.o(.text)
    LED_Init                                 0x08003bdd   Thumb Code   114  led.o(.text)
    Exti_Init                                0x08003c4f   Thumb Code   100  led.o(.text)
    EXTI4_15_IRQHandler                      0x08003cb3   Thumb Code    10  led.o(.text)
    pwm_100                                  0x08003cbd   Thumb Code    20  led.o(.text)
    pwm_0                                    0x08003cd1   Thumb Code    20  led.o(.text)
    booter_Open                              0x08003ce5   Thumb Code    12  led.o(.text)
    booter_Close                             0x08003cf1   Thumb Code    12  led.o(.text)
    LED_Open                                 0x08003cfd   Thumb Code    28  led.o(.text)
    Temp_One_LED_Open                        0x08003d19   Thumb Code    24  led.o(.text)
    Timer_One_LED_Open                       0x08003d31   Thumb Code    26  led.o(.text)
    All_LED_Close                            0x08003d4b   Thumb Code    16  led.o(.text)
    Close_CMOS                               0x08003d5b   Thumb Code    16  led.o(.text)
    Open_CMOS                                0x08003d6b   Thumb Code    16  led.o(.text)
    Enter_stopmode                           0x08003d7b   Thumb Code    30  led.o(.text)
    LED1_Toggle                              0x08003d99   Thumb Code    34  led.o(.text)
    LED2_Toggle                              0x08003dbb   Thumb Code    34  led.o(.text)
    TIM_INT_Config                           0x08003de9   Thumb Code    30  time.o(.text)
    TIM_OUT_Config                           0x08003e07   Thumb Code    60  time.o(.text)
    TIM1_Enable                              0x08003e43   Thumb Code    12  time.o(.text)
    TIM1_Disable                             0x08003e4f   Thumb Code    12  time.o(.text)
    TIM1_BRK_UP_TRG_COM_IRQHandler           0x08003e5b   Thumb Code   608  time.o(.text)
    TIM_Config                               0x080040bb   Thumb Code    52  time.o(.text)
    TIM_PWM_Config                           0x080040ef   Thumb Code    86  time.o(.text)
    PWM_Channel4_Disable                     0x08004145   Thumb Code    24  time.o(.text)
    PWM_Channel_Init                         0x0800415d   Thumb Code     8  time.o(.text)
    PWM_Channel4_Enable                      0x08004165   Thumb Code    38  time.o(.text)
    PWM_Compute_Pulse                        0x0800418b   Thumb Code    52  time.o(.text)
    PWM_ADJUST                               0x080041bf   Thumb Code   578  time.o(.text)
    Reset_Handler                            0x08004425   Thumb Code    38  startup_stm32f030.o(.text)
    ADC1_IRQHandler                          0x08004455   Thumb Code     0  startup_stm32f030.o(.text)
    DMA1_Channel2_3_IRQHandler               0x08004455   Thumb Code     0  startup_stm32f030.o(.text)
    DMA1_Channel4_5_IRQHandler               0x08004455   Thumb Code     0  startup_stm32f030.o(.text)
    EXTI0_1_IRQHandler                       0x08004455   Thumb Code     0  startup_stm32f030.o(.text)
    EXTI2_3_IRQHandler                       0x08004455   Thumb Code     0  startup_stm32f030.o(.text)
    FLASH_IRQHandler                         0x08004455   Thumb Code     0  startup_stm32f030.o(.text)
    I2C1_IRQHandler                          0x08004455   Thumb Code     0  startup_stm32f030.o(.text)
    I2C2_IRQHandler                          0x08004455   Thumb Code     0  startup_stm32f030.o(.text)
    RCC_IRQHandler                           0x08004455   Thumb Code     0  startup_stm32f030.o(.text)
    RTC_IRQHandler                           0x08004455   Thumb Code     0  startup_stm32f030.o(.text)
    SPI1_IRQHandler                          0x08004455   Thumb Code     0  startup_stm32f030.o(.text)
    SPI2_IRQHandler                          0x08004455   Thumb Code     0  startup_stm32f030.o(.text)
    TIM14_IRQHandler                         0x08004455   Thumb Code     0  startup_stm32f030.o(.text)
    TIM15_IRQHandler                         0x08004455   Thumb Code     0  startup_stm32f030.o(.text)
    TIM16_IRQHandler                         0x08004455   Thumb Code     0  startup_stm32f030.o(.text)
    TIM17_IRQHandler                         0x08004455   Thumb Code     0  startup_stm32f030.o(.text)
    TIM1_CC_IRQHandler                       0x08004455   Thumb Code     0  startup_stm32f030.o(.text)
    TIM3_IRQHandler                          0x08004455   Thumb Code     0  startup_stm32f030.o(.text)
    USART1_IRQHandler                        0x08004455   Thumb Code     0  startup_stm32f030.o(.text)
    USART2_IRQHandler                        0x08004455   Thumb Code     0  startup_stm32f030.o(.text)
    WWDG_IRQHandler                          0x08004455   Thumb Code     0  startup_stm32f030.o(.text)
    __user_initial_stackheap                 0x08004459   Thumb Code     0  startup_stm32f030.o(.text)
    SystemInit                               0x08004567   Thumb Code   110  system_stm32f0xx.o(.text)
    SystemCoreClockUpdate                    0x080045d5   Thumb Code   154  system_stm32f0xx.o(.text)
    __2sprintf                               0x08004695   Thumb Code    36  noretval__2sprintf.o(.text)
    __printf                                 0x080046bd   Thumb Code   108  __printf.o(.text)
    _printf_int_dec                          0x08004729   Thumb Code    90  _printf_dec.o(.text)
    _printf_int_hex                          0x08004795   Thumb Code    84  _printf_hex_int.o(.text)
    _printf_longlong_hex                     0x08004795   Thumb Code     0  _printf_hex_int.o(.text)
    strlen                                   0x080047ed   Thumb Code    62  strlen.o(.text)
    __aeabi_uidiv                            0x08004831   Thumb Code     0  aeabi_sdiv.o(.text)
    __aeabi_uidivmod                         0x08004831   Thumb Code    20  aeabi_sdiv.o(.text)
    __aeabi_idiv                             0x08004845   Thumb Code     0  aeabi_sdiv.o(.text)
    __aeabi_idivmod                          0x08004845   Thumb Code   326  aeabi_sdiv.o(.text)
    __use_two_region_memory                  0x0800498b   Thumb Code     2  heapauxi.o(.text)
    __rt_heap_escrow$2region                 0x0800498d   Thumb Code     2  heapauxi.o(.text)
    __rt_heap_expand$2region                 0x0800498f   Thumb Code     2  heapauxi.o(.text)
    __aeabi_dadd                             0x08004c89   Thumb Code     0  daddsub.o(.text)
    _dadd                                    0x08004c89   Thumb Code    26  daddsub.o(.text)
    __aeabi_dsub                             0x08004ca3   Thumb Code     0  daddsub.o(.text)
    _dsub                                    0x08004ca3   Thumb Code    22  daddsub.o(.text)
    __aeabi_drsub                            0x08004cb9   Thumb Code     0  daddsub.o(.text)
    _drsb                                    0x08004cb9   Thumb Code    28  daddsub.o(.text)
    __aeabi_ddiv                             0x08004ce9   Thumb Code     0  ddiv.o(.text)
    _ddiv                                    0x08004ce9   Thumb Code  1072  ddiv.o(.text)
    _drdiv                                   0x08005119   Thumb Code    20  ddiv.o(.text)
    __aeabi_d2uiz                            0x08005131   Thumb Code     0  dfixui.o(.text)
    _dfixu                                   0x08005131   Thumb Code    68  dfixui.o(.text)
    __aeabi_i2d_normalise                    0x08005179   Thumb Code    66  dflti.o(.text)
    __aeabi_i2d                              0x080051bb   Thumb Code    16  dflti.o(.text)
    _dflt                                    0x080051bb   Thumb Code     0  dflti.o(.text)
    __aeabi_ui2d                             0x080051cb   Thumb Code     6  dflti.o(.text)
    _dfltu                                   0x080051cb   Thumb Code     0  dflti.o(.text)
    __aeabi_dmul                             0x080051d1   Thumb Code     0  dmul.o(.text)
    _dmul                                    0x080051d1   Thumb Code   558  dmul.o(.text)
    __aeabi_f2d                              0x08005419   Thumb Code     0  f2d.o(.text)
    _f2d                                     0x08005419   Thumb Code    80  f2d.o(.text)
    __aeabi_i2f_normalise                    0x0800546d   Thumb Code    72  fflti.o(.text)
    __aeabi_i2f                              0x080054b5   Thumb Code    16  fflti.o(.text)
    _fflt                                    0x080054b5   Thumb Code     0  fflti.o(.text)
    __aeabi_ui2f                             0x080054c5   Thumb Code     6  fflti.o(.text)
    _ffltu                                   0x080054c5   Thumb Code     0  fflti.o(.text)
    __read_errno                             0x080054cb   Thumb Code    10  _rserrno.o(.text)
    __set_errno                              0x080054d5   Thumb Code    12  _rserrno.o(.text)
    _printf_int_common                       0x080054e1   Thumb Code   176  _printf_intcommon.o(.text)
    _printf_char_common                      0x0800559b   Thumb Code    32  _printf_char_common.o(.text)
    _sputc                                   0x080055c1   Thumb Code    10  _sputc.o(.text)
    __rt_udiv10                              0x080055cb   Thumb Code    40  rtudiv10.o(.text)
    __fpl_dcmp_InfNaN                        0x080055f5   Thumb Code   140  dcmpin.o(.text)
    _dsqrt                                   0x08005685   Thumb Code   248  dsqrt.o(.text)
    __fpl_fcmp_InfNaN                        0x08005785   Thumb Code    96  fcmpin.o(.text)
    __aeabi_errno_addr                       0x080057e9   Thumb Code     8  rt_errno_addr_intlibspace.o(.text)
    __errno$intlibspace                      0x080057e9   Thumb Code     0  rt_errno_addr_intlibspace.o(.text)
    __rt_errno_addr$intlibspace              0x080057e9   Thumb Code     0  rt_errno_addr_intlibspace.o(.text)
    __fpl_cmpreturn                          0x080057f1   Thumb Code    44  cmpret.o(.text)
    __fpl_dcheck_NaN2                        0x08005821   Thumb Code    14  dnan2.o(.text)
    __fpl_fcheck_NaN2                        0x08005835   Thumb Code    10  fnan2.o(.text)
    __user_libspace                          0x08005845   Thumb Code     8  libspace.o(.text)
    __user_perproc_libspace                  0x08005845   Thumb Code     0  libspace.o(.text)
    __user_perthread_libspace                0x08005845   Thumb Code     0  libspace.o(.text)
    __user_setup_stackheap                   0x0800584d   Thumb Code    62  sys_stackheap_outer.o(.text)
    exit                                     0x0800588b   Thumb Code    12  exit.o(.text)
    __fpl_return_NaN                         0x08005897   Thumb Code    94  retnan.o(.text)
    _sys_exit                                0x080058f5   Thumb Code     8  sys_exit.o(.text)
    __I$use$semihosting                      0x08005901   Thumb Code     0  use_no_semi.o(.text)
    __use_no_semihosting_swi                 0x08005901   Thumb Code     2  use_no_semi.o(.text)
    __semihosting_library_function           0x08005903   Thumb Code     0  indicate_semi.o(.text)
    sqrt                                     0x08005905   Thumb Code    66  sqrt.o(i.sqrt)
    __aeabi_cdcmple                          0x0800594d   Thumb Code     0  dlef.o(x$fpl$dleqf)
    _dcmple                                  0x0800594d   Thumb Code    94  dlef.o(x$fpl$dleqf)
    __aeabi_cdrcmple                         0x080059b1   Thumb Code     0  drlef.o(x$fpl$drleqf)
    _drcmple                                 0x080059b1   Thumb Code   100  drlef.o(x$fpl$drleqf)
    __aeabi_cfcmple                          0x08005a19   Thumb Code     0  flef.o(x$fpl$fleqf)
    _fcmple                                  0x08005a19   Thumb Code    78  flef.o(x$fpl$fleqf)
    __aeabi_fmul                             0x08005a6d   Thumb Code     0  fmul.o(x$fpl$fmul)
    _fmul                                    0x08005a6d   Thumb Code   172  fmul.o(x$fpl$fmul)
    __I$use$fp                               0x08005b1c   Number         0  usenofp.o(x$fpl$usenofp)
    Region$$Table$$Base                      0x08005f54   Number         0  anon$$obj.o(Region$$Table)
    Region$$Table$$Limit                     0x08005f74   Number         0  anon$$obj.o(Region$$Table)
    AD_Data                                  0x20000010   Data           8  adc.o(.data)
    AD_Vol_Data                              0x20000018   Data           8  adc.o(.data)
    VOUT_counter_value                       0x20000020   Data           2  adc.o(.data)
    VOUT_sample_value                        0x20000022   Data           2  adc.o(.data)
    Res_Value_Exception_flag                 0x20000024   Data           1  adc.o(.data)
    Output_Voltage_exception_flag            0x20000025   Data           1  adc.o(.data)
    LOAD_DETECT_exception_flag               0x20000026   Data           1  adc.o(.data)
    VIN_DETECT_exception_flag                0x20000027   Data           1  adc.o(.data)
    No_connect_loader_flag                   0x20000028   Data           1  adc.o(.data)
    No_connect_loader_counter                0x20000029   Data           1  adc.o(.data)
    Computer_Results_flage                   0x2000002a   Data           1  adc.o(.data)
    No_connect_loader_start_flag             0x2000002b   Data           1  adc.o(.data)
    Alarm_flage                              0x2000002c   Data           1  adc.o(.data)
    ADC_ON_OFF                               0x2000002d   Data           1  adc.o(.data)
    ADC_END                                  0x2000002e   Data           1  adc.o(.data)
    IS_FACE_EYE                              0x2000002f   Data           1  adc.o(.data)
    CURRENT_POWER                            0x20000030   Data           4  adc.o(.data)
    R_value_New                              0x20000034   Data           1  adc.o(.data)
    R_value_Old                              0x20000035   Data           1  adc.o(.data)
    R_sample_current_count                   0x20000036   Data           1  adc.o(.data)
    VOUT_VLOAD_sample_count                  0x20000037   Data           1  adc.o(.data)
    R_all_count                              0x20000038   Data           1  adc.o(.data)
    WRITE_24C02_ADDR                         0x20000040   Data           4  24cxx.o(.data)
    GPIO_InitStructure                       0x20000048   Data           8  myiic.o(.data)
    Long_Press_Flag                          0x20000050   Data           1  key.o(.data)
    System_ON_OFF                            0x20000051   Data           1  key.o(.data)
    Power_rank_flag                          0x20000052   Data           1  key.o(.data)
    Power_change_flag                        0x20000053   Data           1  key.o(.data)
    Enter_StopMode_flag                      0x20000054   Data           1  led.o(.data)
    TimerPeriod                              0x20000058   Data           2  time.o(.data)
    _24c02_total_time                        0x2000005c   Data           4  time.o(.data)
    CURRENT_DUTY_PULSE                       0x20000060   Data           2  time.o(.data)
    TimerCounter                             0x20000062   Data           2  time.o(.data)
    Timing_flag                              0x20000064   Data           1  time.o(.data)
    TimeOut_flag                             0x20000065   Data           1  time.o(.data)
    No_connect_loader_close_flag             0x20000066   Data           1  time.o(.data)
    SystemCoreClock                          0x20000068   Data           4  system_stm32f0xx.o(.data)
    AHBPrescTable                            0x2000006c   Data          16  system_stm32f0xx.o(.data)
    ADCresults                               0x20000144   Data          80  adc.o(.bss)
    ADC_ConvertedValue                       0x20000194   Data          80  adc.o(.bss)
    R_Data                                   0x200001e4   Data          10  adc.o(.bss)
    Order_R_Data                             0x200001ee   Data          10  adc.o(.bss)
    VOUT                                     0x200001f8   Data          40  adc.o(.bss)
    VLOAD                                    0x20000220   Data          40  adc.o(.bss)
    R_count                                  0x20000248   Data          20  adc.o(.bss)
    POWER_RANK                               0x2000025c   Data          12  adc.o(.bss)
    TIM_TimeBaseStructure                    0x20000394   Data          12  time.o(.bss)
    TIM_OCInitStructure                      0x200003a0   Data          20  time.o(.bss)
    __libspace_start                         0x200003b4   Data          96  libspace.o(.bss)
    __temporary_stack_top$libspace           0x20000414   Data           0  libspace.o(.bss)



==============================================================================

Memory Map of the image

  Image Entry point : 0x08004425

  Load Region LR_1 (Base: 0x08000000, Size: 0x00005ff0, Max: 0xffffffff, ABSOLUTE)

    Execution Region ER_RO (Base: 0x08000000, Size: 0x00005f74, Max: 0xffffffff, ABSOLUTE)

    Base Addr    Size         Type   Attr      Idx    E Section Name        Object

    0x08000000   0x000000b4   Data   RO          647    RESET               startup_stm32f030.o
    0x080000b4   0x00000008   Code   RO          740  * !!!main             c_p.l(__main.o)
    0x080000bc   0x0000003c   Code   RO          972    !!!scatter          c_p.l(__scatter.o)
    0x080000f8   0x0000001a   Code   RO          974    !!handler_copy      c_p.l(__scatter_copy.o)
    0x08000112   0x00000002   PAD
    0x08000114   0x0000001c   Code   RO          976    !!handler_zi        c_p.l(__scatter_zi.o)
    0x08000130   0x00000002   Code   RO          731    .ARM.Collect$$_printf_percent$$00000000  c_p.l(_printf_percent.o)
    0x08000132   0x0000000a   Code   RO          730    .ARM.Collect$$_printf_percent$$00000009  c_p.l(_printf_d.o)
    0x0800013c   0x0000000a   Code   RO          729    .ARM.Collect$$_printf_percent$$0000000C  c_p.l(_printf_x.o)
    0x08000146   0x00000004   Code   RO          786    .ARM.Collect$$_printf_percent$$00000017  c_p.l(_printf_percent_end.o)
    0x0800014a   0x00000002   Code   RO          843    .ARM.Collect$$libinit$$00000000  c_p.l(libinit.o)
    0x0800014c   0x00000000   Code   RO          856    .ARM.Collect$$libinit$$00000002  c_p.l(libinit2.o)
    0x0800014c   0x00000000   Code   RO          858    .ARM.Collect$$libinit$$00000004  c_p.l(libinit2.o)
    0x0800014c   0x00000000   Code   RO          861    .ARM.Collect$$libinit$$0000000A  c_p.l(libinit2.o)
    0x0800014c   0x00000000   Code   RO          863    .ARM.Collect$$libinit$$0000000C  c_p.l(libinit2.o)
    0x0800014c   0x00000000   Code   RO          865    .ARM.Collect$$libinit$$0000000E  c_p.l(libinit2.o)
    0x0800014c   0x00000000   Code   RO          868    .ARM.Collect$$libinit$$00000011  c_p.l(libinit2.o)
    0x0800014c   0x00000000   Code   RO          870    .ARM.Collect$$libinit$$00000013  c_p.l(libinit2.o)
    0x0800014c   0x00000000   Code   RO          872    .ARM.Collect$$libinit$$00000015  c_p.l(libinit2.o)
    0x0800014c   0x00000000   Code   RO          874    .ARM.Collect$$libinit$$00000017  c_p.l(libinit2.o)
    0x0800014c   0x00000000   Code   RO          876    .ARM.Collect$$libinit$$00000019  c_p.l(libinit2.o)
    0x0800014c   0x00000000   Code   RO          878    .ARM.Collect$$libinit$$0000001B  c_p.l(libinit2.o)
    0x0800014c   0x00000000   Code   RO          880    .ARM.Collect$$libinit$$0000001D  c_p.l(libinit2.o)
    0x0800014c   0x00000000   Code   RO          882    .ARM.Collect$$libinit$$0000001F  c_p.l(libinit2.o)
    0x0800014c   0x00000000   Code   RO          884    .ARM.Collect$$libinit$$00000021  c_p.l(libinit2.o)
    0x0800014c   0x00000000   Code   RO          886    .ARM.Collect$$libinit$$00000023  c_p.l(libinit2.o)
    0x0800014c   0x00000000   Code   RO          888    .ARM.Collect$$libinit$$00000025  c_p.l(libinit2.o)
    0x0800014c   0x00000000   Code   RO          892    .ARM.Collect$$libinit$$0000002C  c_p.l(libinit2.o)
    0x0800014c   0x00000000   Code   RO          894    .ARM.Collect$$libinit$$0000002E  c_p.l(libinit2.o)
    0x0800014c   0x00000000   Code   RO          896    .ARM.Collect$$libinit$$00000030  c_p.l(libinit2.o)
    0x0800014c   0x00000000   Code   RO          898    .ARM.Collect$$libinit$$00000032  c_p.l(libinit2.o)
    0x0800014c   0x00000002   Code   RO          899    .ARM.Collect$$libinit$$00000033  c_p.l(libinit2.o)
    0x0800014e   0x00000002   Code   RO          930    .ARM.Collect$$libshutdown$$00000000  c_p.l(libshutdown.o)
    0x08000150   0x00000000   Code   RO          957    .ARM.Collect$$libshutdown$$00000003  c_p.l(libshutdown2.o)
    0x08000150   0x00000000   Code   RO          960    .ARM.Collect$$libshutdown$$00000006  c_p.l(libshutdown2.o)
    0x08000150   0x00000000   Code   RO          963    .ARM.Collect$$libshutdown$$00000009  c_p.l(libshutdown2.o)
    0x08000150   0x00000000   Code   RO          965    .ARM.Collect$$libshutdown$$0000000B  c_p.l(libshutdown2.o)
    0x08000150   0x00000000   Code   RO          968    .ARM.Collect$$libshutdown$$0000000E  c_p.l(libshutdown2.o)
    0x08000150   0x00000002   Code   RO          969    .ARM.Collect$$libshutdown$$0000000F  c_p.l(libshutdown2.o)
    0x08000152   0x00000000   Code   RO          773    .ARM.Collect$$rtentry$$00000000  c_p.l(__rtentry.o)
    0x08000152   0x00000000   Code   RO          797    .ARM.Collect$$rtentry$$00000002  c_p.l(__rtentry2.o)
    0x08000152   0x00000006   Code   RO          809    .ARM.Collect$$rtentry$$00000004  c_p.l(__rtentry4.o)
    0x08000158   0x00000000   Code   RO          799    .ARM.Collect$$rtentry$$00000009  c_p.l(__rtentry2.o)
    0x08000158   0x00000004   Code   RO          800    .ARM.Collect$$rtentry$$0000000A  c_p.l(__rtentry2.o)
    0x0800015c   0x00000000   Code   RO          802    .ARM.Collect$$rtentry$$0000000C  c_p.l(__rtentry2.o)
    0x0800015c   0x00000008   Code   RO          803    .ARM.Collect$$rtentry$$0000000D  c_p.l(__rtentry2.o)
    0x08000164   0x00000002   Code   RO          847    .ARM.Collect$$rtexit$$00000000  c_p.l(rtexit.o)
    0x08000166   0x00000000   Code   RO          903    .ARM.Collect$$rtexit$$00000002  c_p.l(rtexit2.o)
    0x08000166   0x00000004   Code   RO          904    .ARM.Collect$$rtexit$$00000003  c_p.l(rtexit2.o)
    0x0800016a   0x00000006   Code   RO          905    .ARM.Collect$$rtexit$$00000004  c_p.l(rtexit2.o)
    0x08000170   0x000002e8   Code   RO            3    .text               stm32f0xx_adc.o
    0x08000458   0x00000170   Code   RO          111    .text               stm32f0xx_dma.o
    0x080005c8   0x00000108   Code   RO          131    .text               stm32f0xx_exti.o
    0x080006d0   0x000001f0   Code   RO          151    .text               stm32f0xx_gpio.o
    0x080008c0   0x000000b4   Code   RO          171    .text               stm32f0xx_misc.o
    0x08000974   0x000005fc   Code   RO          191    .text               stm32f0xx_rcc.o
    0x08000f70   0x000000f0   Code   RO          213    .text               stm32f0xx_syscfg.o
    0x08001060   0x00000574   Code   RO          273    .text               stm32f0xx_usart.o
    0x080015d4   0x00000bcc   Code   RO          293    .text               stm32f0xx_tim.o
    0x080021a0   0x0000013c   Code   RO          313    .text               stm32f0xx_pwr.o
    0x080022dc   0x000000a4   Code   RO          333    .text               main.o
    0x08002380   0x00000870   Code   RO          392    .text               adc.o
    0x08002bf0   0x000000f0   Code   RO          425    .text               systick.o
    0x08002ce0   0x00000012   Code   RO          450    .text               stm32f0xx_it.o
    0x08002cf2   0x00000002   PAD
    0x08002cf4   0x000000e8   Code   RO          473    .text               uart.o
    0x08002ddc   0x00000290   Code   RO          500    .text               24cxx.o
    0x0800306c   0x000000d8   Code   RO          526    .text               delay.o
    0x08003144   0x00000284   Code   RO          548    .text               myiic.o
    0x080033c8   0x00000814   Code   RO          571    .text               key.o
    0x08003bdc   0x0000020c   Code   RO          597    .text               led.o
    0x08003de8   0x0000063c   Code   RO          621    .text               time.o
    0x08004424   0x00000074   Code   RO          648  * .text               startup_stm32f030.o
    0x08004498   0x000001fc   Code   RO          654    .text               system_stm32f0xx.o
    0x08004694   0x00000028   Code   RO          682    .text               c_p.l(noretval__2sprintf.o)
    0x080046bc   0x0000006c   Code   RO          684    .text               c_p.l(__printf.o)
    0x08004728   0x0000006c   Code   RO          686    .text               c_p.l(_printf_dec.o)
    0x08004794   0x00000058   Code   RO          691    .text               c_p.l(_printf_hex_int.o)
    0x080047ec   0x00000044   Code   RO          732    .text               c_p.l(strlen.o)
    0x08004830   0x0000015a   Code   RO          734    .text               c_p.l(aeabi_sdiv.o)
    0x0800498a   0x00000006   Code   RO          738    .text               c_p.l(heapauxi.o)
    0x08004990   0x00000358   Code   RO          742    .text               fz_ps.l(daddsub.o)
    0x08004ce8   0x00000448   Code   RO          744    .text               fz_ps.l(ddiv.o)
    0x08005130   0x00000048   Code   RO          747    .text               fz_ps.l(dfixui.o)
    0x08005178   0x00000058   Code   RO          749    .text               fz_ps.l(dflti.o)
    0x080051d0   0x00000248   Code   RO          753    .text               fz_ps.l(dmul.o)
    0x08005418   0x00000054   Code   RO          757    .text               fz_ps.l(f2d.o)
    0x0800546c   0x0000005e   Code   RO          759    .text               fz_ps.l(fflti.o)
    0x080054ca   0x00000016   Code   RO          778    .text               c_p.l(_rserrno.o)
    0x080054e0   0x000000b0   Code   RO          780    .text               c_p.l(_printf_intcommon.o)
    0x08005590   0x00000030   Code   RO          782    .text               c_p.l(_printf_char_common.o)
    0x080055c0   0x0000000a   Code   RO          784    .text               c_p.l(_sputc.o)
    0x080055ca   0x00000028   Code   RO          787    .text               c_p.l(rtudiv10.o)
    0x080055f2   0x00000002   PAD
    0x080055f4   0x00000090   Code   RO          789    .text               fz_ps.l(dcmpin.o)
    0x08005684   0x00000100   Code   RO          791    .text               fz_ps.l(dsqrt.o)
    0x08005784   0x00000064   Code   RO          793    .text               fz_ps.l(fcmpin.o)
    0x080057e8   0x00000008   Code   RO          816    .text               c_p.l(rt_errno_addr_intlibspace.o)
    0x080057f0   0x00000030   Code   RO          820    .text               fz_ps.l(cmpret.o)
    0x08005820   0x00000014   Code   RO          822    .text               fz_ps.l(dnan2.o)
    0x08005834   0x00000010   Code   RO          824    .text               fz_ps.l(fnan2.o)
    0x08005844   0x00000008   Code   RO          826    .text               c_p.l(libspace.o)
    0x0800584c   0x0000003e   Code   RO          829    .text               c_p.l(sys_stackheap_outer.o)
    0x0800588a   0x0000000c   Code   RO          832    .text               c_p.l(exit.o)
    0x08005896   0x0000005e   Code   RO          844    .text               fz_ps.l(retnan.o)
    0x080058f4   0x0000000c   Code   RO          900    .text               c_p.l(sys_exit.o)
    0x08005900   0x00000002   Code   RO          919    .text               c_p.l(use_no_semi.o)
    0x08005902   0x00000000   Code   RO          921    .text               c_p.l(indicate_semi.o)
    0x08005902   0x00000002   PAD
    0x08005904   0x00000048   Code   RO          766    i.sqrt              m_ps.l(sqrt.o)
    0x0800594c   0x00000064   Code   RO          751    x$fpl$dleqf         fz_ps.l(dlef.o)
    0x080059b0   0x00000068   Code   RO          755    x$fpl$drleqf        fz_ps.l(drlef.o)
    0x08005a18   0x00000054   Code   RO          761    x$fpl$fleqf         fz_ps.l(flef.o)
    0x08005a6c   0x000000b0   Code   RO          763    x$fpl$fmul          fz_ps.l(fmul.o)
    0x08005b1c   0x00000000   Code   RO          795    x$fpl$usenofp       fz_ps.l(usenofp.o)
    0x08005b1c   0x00000028   Data   RO          692    .constdata          c_p.l(_printf_hex_int.o)
    0x08005b44   0x00000080   Data   RO          745    .constdata          fz_ps.l(ddiv.o)
    0x08005bc4   0x00000145   Data   RO          394    .conststring        adc.o
    0x08005d09   0x00000003   PAD
    0x08005d0c   0x0000010e   Data   RO          502    .conststring        24cxx.o
    0x08005e1a   0x00000002   PAD
    0x08005e1c   0x00000043   Data   RO          573    .conststring        key.o
    0x08005e5f   0x00000001   PAD
    0x08005e60   0x000000f3   Data   RO          623    .conststring        time.o
    0x08005f53   0x00000001   PAD
    0x08005f54   0x00000020   Data   RO          970    Region$$Table       anon$$obj.o


    Execution Region ER_RW (Base: 0x20000000, Size: 0x0000007c, Max: 0xffffffff, ABSOLUTE)

    Base Addr    Size         Type   Attr      Idx    E Section Name        Object

    0x20000000   0x00000010   Data   RW          192    .data               stm32f0xx_rcc.o
    0x20000010   0x00000029   Data   RW          395    .data               adc.o
    0x20000039   0x00000003   PAD
    0x2000003c   0x00000004   Data   RW          426    .data               systick.o
    0x20000040   0x00000004   Data   RW          503    .data               24cxx.o
    0x20000044   0x00000004   Data   RW          527    .data               delay.o
    0x20000048   0x00000008   Data   RW          549    .data               myiic.o
    0x20000050   0x00000004   Data   RW          574    .data               key.o
    0x20000054   0x00000001   Data   RW          599    .data               led.o
    0x20000055   0x00000003   PAD
    0x20000058   0x0000000f   Data   RW          624    .data               time.o
    0x20000067   0x00000001   PAD
    0x20000068   0x00000014   Data   RW          655    .data               system_stm32f0xx.o


    Execution Region ER_ZI (Base: 0x2000007c, Size: 0x0000099c, Max: 0xffffffff, ABSOLUTE)

    Base Addr    Size         Type   Attr      Idx    E Section Name        Object

    0x2000007c   0x00000064   Zero   RW          334    .bss                main.o
    0x200000e0   0x00000188   Zero   RW          393    .bss                adc.o
    0x20000268   0x00000064   Zero   RW          501    .bss                24cxx.o
    0x200002cc   0x00000064   Zero   RW          572    .bss                key.o
    0x20000330   0x00000084   Zero   RW          622    .bss                time.o
    0x200003b4   0x00000060   Zero   RW          827    .bss                c_p.l(libspace.o)
    0x20000414   0x00000004   PAD
    0x20000418   0x00000200   Zero   RW          646    HEAP                startup_stm32f030.o
    0x20000618   0x00000400   Zero   RW          645    STACK               startup_stm32f030.o


==============================================================================

Image component sizes


      Code (inc. data)   RO Data    RW Data    ZI Data      Debug   Object Name

       656         76        270          4        100       3416   24cxx.o
      2160        258        325         41        392       6393   adc.o
       216         22          0          4          0       1107   delay.o
      2068        828         67          4        100       4262   key.o
       524         12          0          1          0       3442   led.o
       164         68          0          0        100       1787   main.o
       644         10          0          8          0       3388   myiic.o
       116         56        180          0       1536        712   startup_stm32f030.o
       744         14          0          0          0     230503   stm32f0xx_adc.o
       368         12          0          0          0       3446   stm32f0xx_dma.o
       264         14          0          0          0       2275   stm32f0xx_exti.o
       496         22          0          0          0       3701   stm32f0xx_gpio.o
        18          0          0          0          0        931   stm32f0xx_it.o
       180         14          0          0          0       1384   stm32f0xx_misc.o
       316         10          0          0          0       2178   stm32f0xx_pwr.o
      1532         46          0         16          0       8562   stm32f0xx_rcc.o
       240          4          0          0          0       2026   stm32f0xx_syscfg.o
      3020        118          0          0          0      22297   stm32f0xx_tim.o
      1396         12          0          0          0      12051   stm32f0xx_usart.o
       508         38          0         20          0       1943   system_stm32f0xx.o
       240         26          0          4          0       7419   systick.o
      1596        356        243         15        132       3577   time.o
       232          4          0          0          0       3177   uart.o

    ----------------------------------------------------------------------
     17700       2020       1124        124       2360     329977   Object Totals
         0          0         32          0          0          0   (incl. Generated)
         2          0          7          7          0          0   (incl. Padding)

    ----------------------------------------------------------------------

      Code (inc. data)   RO Data    RW Data    ZI Data      Debug   Library Member Name

         8          0          0          0          0         68   __main.o
       108          0          0          0          0         76   __printf.o
         0          0          0          0          0          0   __rtentry.o
        12          0          0          0          0          0   __rtentry2.o
         6          0          0          0          0          0   __rtentry4.o
        60          8          0          0          0          0   __scatter.o
        26          0          0          0          0          0   __scatter_copy.o
        28          0          0          0          0          0   __scatter_zi.o
        48          6          0          0          0         88   _printf_char_common.o
        10          0          0          0          0          0   _printf_d.o
       108         18          0          0          0         76   _printf_dec.o
        88          4         40          0          0         72   _printf_hex_int.o
       176          0          0          0          0         84   _printf_intcommon.o
         2          0          0          0          0          0   _printf_percent.o
         4          0          0          0          0          0   _printf_percent_end.o
        10          0          0          0          0          0   _printf_x.o
        22          0          0          0          0         92   _rserrno.o
        10          0          0          0          0         60   _sputc.o
       346          0          0          0          0         92   aeabi_sdiv.o
        12          0          0          0          0         64   exit.o
         6          0          0          0          0        136   heapauxi.o
         0          0          0          0          0          0   indicate_semi.o
         2          0          0          0          0          0   libinit.o
         2          0          0          0          0          0   libinit2.o
         2          0          0          0          0          0   libshutdown.o
         2          0          0          0          0          0   libshutdown2.o
         8          4          0          0         96         68   libspace.o
        40          4          0          0          0         84   noretval__2sprintf.o
         8          4          0          0          0         68   rt_errno_addr_intlibspace.o
         2          0          0          0          0          0   rtexit.o
        10          0          0          0          0          0   rtexit2.o
        40          0          0          0          0         60   rtudiv10.o
        68          6          0          0          0         72   strlen.o
        12          4          0          0          0         60   sys_exit.o
        62          0          0          0          0         80   sys_stackheap_outer.o
         2          0          0          0          0         68   use_no_semi.o
        48          4          0          0          0         60   cmpret.o
       856         20          0          0          0        208   daddsub.o
       144          4          0          0          0         76   dcmpin.o
      1096         26        128          0          0        112   ddiv.o
        72          4          0          0          0         68   dfixui.o
        88          0          0          0          0         92   dflti.o
       100          4          0          0          0         92   dlef.o
       584         26          0          0          0         84   dmul.o
        20          6          0          0          0         68   dnan2.o
       104          4          0          0          0        104   drlef.o
       256          8          0          0          0         76   dsqrt.o
        84          4          0          0          0         60   f2d.o
       100          4          0          0          0         68   fcmpin.o
        94          0          0          0          0         92   fflti.o
        84          4          0          0          0         76   flef.o
       176          4          0          0          0         80   fmul.o
        16          6          0          0          0         68   fnan2.o
        94          0          0          0          0         68   retnan.o
         0          0          0          0          0          0   usenofp.o
        72          6          0          0          0         76   sqrt.o

    ----------------------------------------------------------------------
      5444        192        168          0        100       3096   Library Totals
         6          0          0          0          4          0   (incl. Padding)

    ----------------------------------------------------------------------

      Code (inc. data)   RO Data    RW Data    ZI Data      Debug   Library Name

      1350         58         40          0         96       1468   c_p.l
      4016        128        128          0          0       1552   fz_ps.l
        72          6          0          0          0         76   m_ps.l

    ----------------------------------------------------------------------
      5444        192        168          0        100       3096   Library Totals

    ----------------------------------------------------------------------

==============================================================================


      Code (inc. data)   RO Data    RW Data    ZI Data      Debug   

     23144       2212       1292        124       2460     329677   Grand Totals
     23144       2212       1292        124       2460     329677   ELF Image Totals
     23144       2212       1292        124          0          0   ROM Totals

==============================================================================

    Total RO  Size (Code + RO Data)                24436 (  23.86kB)
    Total RW  Size (RW Data + ZI Data)              2584 (   2.52kB)
    Total ROM Size (Code + RO Data + RW Data)      24560 (  23.98kB)

==============================================================================

